[2026-02-28T18:14:00.690Z] POST /api/auth/login
[2026-02-28T18:14:01.014Z] GET /api/registros?page=1&limit=100
[2026-02-28T18:16:34.217Z] GET /registros?page=1&limit=100
[2026-02-28T18:20:25.358Z] GET /registros?page=1&limit=100
[2026-02-28T18:26:32.449Z] POST /api/auth/login
[2026-02-28T18:30:59.585Z] GET /api/registros?page=1&limit=100
[2026-02-28T18:30:59.871Z] GET /api/turmas
[2026-02-28T18:31:19.854Z] POST /api/auth/login
[2026-02-28T18:31:20.357Z] GET /api/registros?page=1&limit=100
[2026-02-28T18:31:20.573Z] GET /api/turmas
[2026-02-28T18:31:30.887Z] POST /api/auth/login
[2026-02-28T18:31:31.306Z] GET /api/registros?page=1&limit=100
[2026-02-28T18:31:31.378Z] GET /api/turmas
[2026-02-28T18:33:53.148Z] POST /api/auth/login
[2026-02-28T18:36:23.524Z] GET /api/registros?page=1&limit=100
[2026-02-28T18:36:23.648Z] GET /api/turmas
[2026-02-28T18:36:34.789Z] POST /api/auth/login
[2026-02-28T18:36:35.266Z] GET /api/registros?page=1&limit=100
[2026-02-28T18:36:36.402Z] GET /api/registros?page=1&limit=100
[2026-02-28T18:36:36.424Z] GET /api/turmas
[2026-02-28T18:36:36.627Z] GET /api/turmas
[2026-02-28T18:37:29.255Z] POST /api/auth/logout
[2026-02-28T18:37:29.521Z] GET /api/registros?page=1&limit=100
[2026-02-28T18:37:29.885Z] GET /api/registros?page=1&limit=100
[2026-02-28T18:37:29.893Z] GET /api/turmas
[2026-02-28T18:37:29.975Z] GET /api/turmas
[2026-02-28T18:37:56.630Z] GET /api/registros?page=1&limit=100
[2026-02-28T18:37:56.748Z] GET /api/turmas
[2026-02-28T18:38:05.367Z] POST /api/auth/login
[2026-02-28T18:38:05.819Z] GET /api/registros?page=1&limit=100
[2026-02-28T18:38:06.935Z] GET /api/registros?page=1&limit=100
[2026-02-28T18:38:06.948Z] GET /api/turmas
[2026-02-28T18:38:07.151Z] GET /api/turmas
[2026-02-28T18:43:42.955Z] GET /api/turmas
[2026-02-28T18:43:43.030Z] GET /api/registros
[2026-02-28T18:46:00.335Z] GET /api/turmas
[2026-02-28T18:46:00.406Z] GET /api/turmas/Sem%20Turma/alunos
[2026-02-28T18:46:00.423Z] GET /api/registros
[2026-02-28T18:51:48.928Z] GET /api/turmas
[2026-02-28T18:51:48.952Z] GET /api/turmas/Ber%C3%A7%C3%A1rio/alunos
[2026-02-28T18:51:48.966Z] GET /api/registros
[2026-02-28T18:52:10.205Z] GET /api/turmas
[2026-02-28T18:52:10.273Z] GET /api/turmas/Ber%C3%A7%C3%A1rio/alunos
[2026-02-28T18:52:10.282Z] GET /api/registros
[2026-02-28T18:57:57.850Z] GET /api/registros?page=1&limit=100
[2026-02-28T18:57:57.990Z] GET /api/turmas
[2026-02-28T18:57:58.032Z] GET /api/turmas/Ber%C3%A7%C3%A1rio/alunos
[2026-02-28T18:57:58.088Z] GET /api/turmas/Maternal/alunos
[2026-02-28T18:57:58.142Z] GET /api/turmas/Prim%C3%A1rios/alunos
[2026-02-28T18:57:58.215Z] GET /api/turmas/Principiantes/alunos
[2026-02-28T18:57:58.264Z] GET /api/turmas/Juniores/alunos
[2026-02-28T18:57:58.300Z] GET /api/turmas/Intermedi%C3%A1rios/alunos
[2026-02-28T18:57:58.361Z] GET /api/turmas/Jovens/alunos
[2026-02-28T18:57:58.400Z] GET /api/turmas/Adultos/alunos
[2026-02-28T18:57:58.456Z] GET /api/turmas/Sem%20Turma/alunos
[2026-02-28T18:58:04.870Z] GET /api/turmas/Ber%EF%BF%BD%EF%BF%BDrio/alunos
[2026-02-28T18:58:25.175Z] POST /api/auth/login
[2026-02-28T18:58:25.815Z] GET /api/registros?page=1&limit=100
[2026-02-28T18:58:26.831Z] GET /api/registros?page=1&limit=100
[2026-02-28T18:58:27.085Z] GET /api/turmas
[2026-02-28T18:58:27.200Z] GET /api/turmas
[2026-02-28T18:58:27.222Z] GET /api/turmas/Ber%C3%A7%C3%A1rio/alunos
[2026-02-28T18:58:27.244Z] GET /api/turmas/Ber%C3%A7%C3%A1rio/alunos
[2026-02-28T18:58:27.266Z] GET /api/turmas/Maternal/alunos
[2026-02-28T18:58:27.275Z] GET /api/turmas/Maternal/alunos
[2026-02-28T18:58:27.291Z] GET /api/turmas/Prim%C3%A1rios/alunos
[2026-02-28T18:58:27.336Z] GET /api/turmas/Prim%C3%A1rios/alunos
[2026-02-28T18:58:27.338Z] GET /api/turmas/Principiantes/alunos
[2026-02-28T18:58:27.376Z] GET /api/turmas/Principiantes/alunos
[2026-02-28T18:58:27.647Z] GET /api/turmas/Juniores/alunos
[2026-02-28T18:58:27.676Z] GET /api/turmas/Juniores/alunos
[2026-02-28T18:58:27.703Z] GET /api/turmas/Intermedi%C3%A1rios/alunos
[2026-02-28T18:58:27.750Z] GET /api/turmas/Intermedi%C3%A1rios/alunos
[2026-02-28T18:58:27.754Z] GET /api/turmas/Jovens/alunos
[2026-02-28T18:58:28.054Z] GET /api/turmas/Jovens/alunos
[2026-02-28T18:58:28.068Z] GET /api/turmas/Adultos/alunos
[2026-02-28T18:58:28.089Z] GET /api/turmas/Adultos/alunos
[2026-02-28T18:58:28.108Z] GET /api/turmas/Sem%20Turma/alunos
[2026-02-28T18:58:28.122Z] GET /api/turmas/Sem%20Turma/alunos
[2026-02-28T18:58:35.249Z] GET /api/turmas/Ber%EF%BF%BD%EF%BF%BDrio/alunos
[2026-02-28T18:58:35.255Z] GET /api/turmas/Ber%EF%BF%BD%EF%BF%BDrio/alunos
[2026-02-28T18:58:49.825Z] DELETE /api/registros/f3eb168c-40b9-476f-8bc1-ba7f4639ae18
[2026-02-28T18:59:05.698Z] POST /api/turmas/Ber%C3%A7%C3%A1rio/alunos
[2026-02-28T19:01:50.486Z] GET /api/turmas
[2026-02-28T19:01:50.556Z] GET /api/turmas/Ber%C3%A7%C3%A1rio/alunos
[2026-02-28T19:01:50.570Z] GET /api/registros
[2026-02-28T19:01:50.599Z] POST /api/turmas/Sem%20Turma/alunos
[2026-02-28T19:03:51.809Z] GET /api/registros?page=1&limit=100
[2026-02-28T19:03:51.958Z] GET /api/turmas
[2026-02-28T19:03:52.002Z] GET /api/turmas/Ber%C3%A7%C3%A1rio/alunos
[2026-02-28T19:03:52.035Z] GET /api/turmas/Maternal/alunos
[2026-02-28T19:03:52.064Z] GET /api/turmas/Prim%C3%A1rios/alunos
[2026-02-28T19:03:52.110Z] GET /api/turmas/Principiantes/alunos
[2026-02-28T19:03:52.161Z] GET /api/turmas/Juniores/alunos
[2026-02-28T19:03:52.208Z] GET /api/turmas/Intermedi%C3%A1rios/alunos
[2026-02-28T19:03:52.280Z] GET /api/turmas/Jovens/alunos
[2026-02-28T19:03:52.331Z] GET /api/turmas/Adultos/alunos
[2026-02-28T19:03:52.364Z] GET /api/turmas/Sem%20Turma/alunos
[2026-02-28T19:04:04.196Z] POST /api/auth/login
[2026-02-28T19:04:04.803Z] GET /api/registros?page=1&limit=100
[2026-02-28T19:04:05.850Z] GET /api/registros?page=1&limit=100
[2026-02-28T19:04:06.027Z] GET /api/turmas
[2026-02-28T19:04:06.094Z] GET /api/turmas/Ber%C3%A7%C3%A1rio/alunos
[2026-02-28T19:04:06.111Z] GET /api/turmas
[2026-02-28T19:04:06.217Z] GET /api/turmas/Maternal/alunos
[2026-02-28T19:04:06.286Z] GET /api/turmas/Prim%C3%A1rios/alunos
[2026-02-28T19:04:06.300Z] GET /api/turmas/Ber%C3%A7%C3%A1rio/alunos
[2026-02-28T19:04:06.314Z] GET /api/turmas/Principiantes/alunos
[2026-02-28T19:04:06.339Z] GET /api/turmas/Maternal/alunos
[2026-02-28T19:04:06.347Z] GET /api/turmas/Juniores/alunos
[2026-02-28T19:04:06.366Z] GET /api/turmas/Prim%C3%A1rios/alunos
[2026-02-28T19:04:06.382Z] GET /api/turmas/Intermedi%C3%A1rios/alunos
[2026-02-28T19:04:06.397Z] GET /api/turmas/Principiantes/alunos
[2026-02-28T19:04:06.446Z] GET /api/turmas/Juniores/alunos
[2026-02-28T19:04:06.449Z] GET /api/turmas/Jovens/alunos
[2026-02-28T19:04:06.480Z] GET /api/turmas/Intermedi%C3%A1rios/alunos
[2026-02-28T19:04:06.487Z] GET /api/turmas/Adultos/alunos
[2026-02-28T19:04:06.546Z] GET /api/turmas/Jovens/alunos
[2026-02-28T19:04:06.550Z] GET /api/turmas/Sem%20Turma/alunos
[2026-02-28T19:04:11.048Z] GET /api/turmas/Adultos/alunos
[2026-02-28T19:04:11.502Z] GET /api/turmas/Sem%20Turma/alunos
[2026-02-28T19:04:26.737Z] POST /api/turmas/Ber%C3%A7%C3%A1rio/alunos
[2026-02-28T19:09:17.444Z] DELETE /api/alunos/9fc25a7d-ff20-4721-9cc7-5b937c626c40
[2026-02-28T19:13:07.433Z] GET /api/registros?page=1&limit=100
[2026-02-28T19:13:07.773Z] GET /api/turmas
[2026-02-28T19:13:07.848Z] GET /api/turmas/Ber%C3%A7%C3%A1rio/alunos
[2026-02-28T19:13:07.931Z] GET /api/turmas/Maternal/alunos
[2026-02-28T19:13:08.024Z] GET /api/turmas/Prim%C3%A1rios/alunos
[2026-02-28T19:13:08.071Z] GET /api/turmas/Principiantes/alunos
[2026-02-28T19:13:08.121Z] GET /api/turmas/Juniores/alunos
[2026-02-28T19:13:08.157Z] GET /api/turmas/Intermedi%C3%A1rios/alunos
[2026-02-28T19:13:08.204Z] GET /api/turmas/Jovens/alunos
[2026-02-28T19:13:08.252Z] GET /api/turmas/Adultos/alunos
[2026-02-28T19:13:08.300Z] GET /api/turmas/Sem%20Turma/alunos
[2026-02-28T19:13:19.630Z] POST /api/auth/login
[2026-02-28T19:13:20.217Z] GET /api/registros?page=1&limit=100
[2026-02-28T19:13:20.355Z] GET /api/turmas
[2026-02-28T19:13:20.431Z] GET /api/turmas/Ber%C3%A7%C3%A1rio/alunos
[2026-02-28T19:13:20.480Z] GET /api/turmas/Maternal/alunos
[2026-02-28T19:13:20.536Z] GET /api/turmas/Prim%C3%A1rios/alunos
[2026-02-28T19:13:20.619Z] GET /api/turmas/Principiantes/alunos
[2026-02-28T19:13:20.658Z] GET /api/turmas/Juniores/alunos
[2026-02-28T19:13:20.694Z] GET /api/turmas/Intermedi%C3%A1rios/alunos
[2026-02-28T19:13:20.739Z] GET /api/turmas/Jovens/alunos
[2026-02-28T19:13:20.835Z] GET /api/turmas/Adultos/alunos
[2026-02-28T19:13:20.899Z] GET /api/turmas/Sem%20Turma/alunos
[2026-02-28T19:13:40.880Z] POST /api/auth/login
[2026-02-28T19:13:41.341Z] GET /api/registros?page=1&limit=100
[2026-02-28T19:13:42.460Z] GET /api/registros?page=1&limit=100
[2026-02-28T19:13:42.649Z] GET /api/turmas
[2026-02-28T19:13:42.705Z] GET /api/turmas
[2026-02-28T19:13:42.757Z] GET /api/turmas/Ber%C3%A7%C3%A1rio/alunos
[2026-02-28T19:13:42.769Z] GET /api/turmas/Ber%C3%A7%C3%A1rio/alunos
[2026-02-28T19:13:42.831Z] GET /api/turmas/Maternal/alunos
[2026-02-28T19:13:42.901Z] GET /api/turmas/Prim%C3%A1rios/alunos
[2026-02-28T19:13:42.905Z] GET /api/turmas/Maternal/alunos
[2026-02-28T19:13:42.987Z] GET /api/turmas/Prim%C3%A1rios/alunos
[2026-02-28T19:13:42.989Z] GET /api/turmas/Principiantes/alunos
[2026-02-28T19:13:43.062Z] GET /api/turmas/Principiantes/alunos
[2026-02-28T19:13:43.067Z] GET /api/turmas/Juniores/alunos
[2026-02-28T19:13:43.150Z] GET /api/turmas/Juniores/alunos
[2026-02-28T19:13:43.153Z] GET /api/turmas/Intermedi%C3%A1rios/alunos
[2026-02-28T19:13:43.240Z] GET /api/turmas/Jovens/alunos
[2026-02-28T19:13:43.261Z] GET /api/turmas/Intermedi%C3%A1rios/alunos
[2026-02-28T19:13:43.345Z] GET /api/turmas/Adultos/alunos
[2026-02-28T19:13:43.368Z] GET /api/turmas/Jovens/alunos
[2026-02-28T19:13:43.444Z] GET /api/turmas/Adultos/alunos
[2026-02-28T19:13:43.521Z] GET /api/turmas/Sem%20Turma/alunos
[2026-02-28T19:13:46.436Z] GET /api/turmas/Sem%20Turma/alunos
[2026-02-28T19:13:56.997Z] GET /api/turmas
[2026-02-28T19:13:57.006Z] GET /api/registros?page=1&limit=100
[2026-02-28T19:13:57.132Z] GET /api/turmas/Ber%C3%A7%C3%A1rio/alunos
[2026-02-28T19:13:57.579Z] GET /api/turmas/Maternal/alunos
[2026-02-28T19:13:57.641Z] GET /api/turmas/Prim%C3%A1rios/alunos
[2026-02-28T19:13:57.685Z] GET /api/turmas/Principiantes/alunos
[2026-02-28T19:13:57.715Z] GET /api/turmas/Juniores/alunos
[2026-02-28T19:13:57.740Z] GET /api/turmas/Intermedi%C3%A1rios/alunos
[2026-02-28T19:13:57.787Z] GET /api/turmas/Jovens/alunos
[2026-02-28T19:13:57.814Z] GET /api/turmas/Adultos/alunos
[2026-02-28T19:13:57.851Z] GET /api/turmas/Sem%20Turma/alunos
[2026-02-28T19:14:33.351Z] GET /api/registros?page=1&limit=100
[2026-02-28T19:14:33.358Z] GET /api/turmas
[2026-02-28T19:14:33.780Z] GET /api/turmas/Ber%C3%A7%C3%A1rio/alunos
[2026-02-28T19:14:33.833Z] GET /api/turmas/Maternal/alunos
[2026-02-28T19:14:33.883Z] GET /api/turmas/Prim%C3%A1rios/alunos
[2026-02-28T19:14:33.923Z] GET /api/turmas/Principiantes/alunos
[2026-02-28T19:14:33.973Z] GET /api/turmas/Juniores/alunos
[2026-02-28T19:14:34.010Z] GET /api/turmas/Intermedi%C3%A1rios/alunos
[2026-02-28T19:14:34.048Z] GET /api/turmas/Jovens/alunos
[2026-02-28T19:14:34.082Z] GET /api/turmas/Adultos/alunos
[2026-02-28T19:14:34.117Z] GET /api/turmas/Sem%20Turma/alunos
[2026-02-28T19:15:22.947Z] GET /api/turmas
[2026-02-28T19:15:22.965Z] GET /api/registros?page=1&limit=100
[2026-02-28T19:15:23.145Z] GET /api/turmas/Ber%C3%A7%C3%A1rio/alunos
[2026-02-28T19:15:23.622Z] GET /api/turmas/Maternal/alunos
[2026-02-28T19:15:23.699Z] GET /api/turmas/Prim%C3%A1rios/alunos
[2026-02-28T19:15:23.742Z] GET /api/turmas/Principiantes/alunos
[2026-02-28T19:15:23.798Z] GET /api/turmas/Juniores/alunos
[2026-02-28T19:15:23.881Z] GET /api/turmas/Intermedi%C3%A1rios/alunos
[2026-02-28T19:15:23.941Z] GET /api/turmas/Jovens/alunos
[2026-02-28T19:15:23.976Z] GET /api/turmas/Adultos/alunos
[2026-02-28T19:15:24.019Z] GET /api/turmas/Sem%20Turma/alunos
[2026-02-28T19:16:33.381Z] GET /api/registros?page=1&limit=100
[2026-02-28T19:16:33.387Z] GET /api/turmas
[2026-02-28T19:16:33.512Z] GET /api/turmas/Ber%C3%A7%C3%A1rio/alunos
[2026-02-28T19:16:33.970Z] GET /api/turmas/Maternal/alunos
[2026-02-28T19:16:34.010Z] GET /api/turmas/Prim%C3%A1rios/alunos
[2026-02-28T19:16:34.046Z] GET /api/turmas/Principiantes/alunos
[2026-02-28T19:16:34.090Z] GET /api/turmas/Juniores/alunos
[2026-02-28T19:16:34.124Z] GET /api/turmas/Intermedi%C3%A1rios/alunos
[2026-02-28T19:16:34.172Z] GET /api/turmas/Jovens/alunos
[2026-02-28T19:16:34.212Z] GET /api/turmas/Adultos/alunos
[2026-02-28T19:16:34.243Z] GET /api/turmas/Sem%20Turma/alunos
[2026-02-28T19:16:43.070Z] GET /api/registros?page=1&limit=100
[2026-02-28T19:16:43.131Z] GET /api/turmas
[2026-02-28T19:16:43.215Z] GET /api/turmas/Ber%C3%A7%C3%A1rio/alunos
[2026-02-28T19:16:43.320Z] GET /api/turmas/Maternal/alunos
[2026-02-28T19:16:43.392Z] GET /api/turmas/Prim%C3%A1rios/alunos
[2026-02-28T19:16:43.450Z] GET /api/turmas/Principiantes/alunos
[2026-02-28T19:16:43.530Z] GET /api/turmas/Juniores/alunos
[2026-02-28T19:16:43.576Z] GET /api/turmas/Intermedi%C3%A1rios/alunos
[2026-02-28T19:16:43.686Z] GET /api/turmas/Jovens/alunos
[2026-02-28T19:16:43.759Z] GET /api/turmas/Adultos/alunos
[2026-02-28T19:16:43.801Z] GET /api/turmas/Sem%20Turma/alunos
[2026-02-28T19:16:54.012Z] POST /api/auth/login
[2026-02-28T19:16:54.557Z] GET /api/registros?page=1&limit=100
[2026-02-28T19:16:55.394Z] GET /api/registros?page=1&limit=100
[2026-02-28T19:16:55.549Z] GET /api/turmas
[2026-02-28T19:16:55.599Z] GET /api/turmas
[2026-02-28T19:16:55.624Z] GET /api/turmas/Ber%C3%A7%C3%A1rio/alunos
[2026-02-28T19:16:55.697Z] GET /api/turmas/Ber%C3%A7%C3%A1rio/alunos
[2026-02-28T19:16:55.753Z] GET /api/turmas/Maternal/alunos
[2026-02-28T19:16:55.811Z] GET /api/turmas/Prim%C3%A1rios/alunos
[2026-02-28T19:16:55.821Z] GET /api/turmas/Maternal/alunos
[2026-02-28T19:16:55.883Z] GET /api/turmas/Principiantes/alunos
[2026-02-28T19:16:55.905Z] GET /api/turmas/Prim%C3%A1rios/alunos
[2026-02-28T19:16:55.971Z] GET /api/turmas/Juniores/alunos
[2026-02-28T19:16:55.999Z] GET /api/turmas/Principiantes/alunos
[2026-02-28T19:16:56.064Z] GET /api/turmas/Juniores/alunos
[2026-02-28T19:16:56.079Z] GET /api/turmas/Intermedi%C3%A1rios/alunos
[2026-02-28T19:16:56.132Z] GET /api/turmas/Jovens/alunos
[2026-02-28T19:16:56.197Z] GET /api/turmas/Adultos/alunos
[2026-02-28T19:16:56.232Z] GET /api/turmas/Sem%20Turma/alunos
[2026-02-28T19:16:56.360Z] GET /api/turmas/Intermedi%C3%A1rios/alunos
[2026-02-28T19:16:59.831Z] GET /api/turmas/Jovens/alunos
[2026-02-28T19:16:59.868Z] GET /api/turmas/Adultos/alunos
[2026-02-28T19:16:59.898Z] GET /api/turmas/Sem%20Turma/alunos
[2026-02-28T19:17:03.169Z] GET /api/registros?page=1&limit=100
[2026-02-28T19:17:03.186Z] GET /api/turmas
[2026-02-28T19:17:03.666Z] GET /api/turmas/Ber%C3%A7%C3%A1rio/alunos
[2026-02-28T19:17:04.077Z] GET /api/turmas/Maternal/alunos
[2026-02-28T19:17:04.120Z] GET /api/turmas/Prim%C3%A1rios/alunos
[2026-02-28T19:17:04.159Z] GET /api/turmas/Principiantes/alunos
[2026-02-28T19:17:04.197Z] GET /api/turmas/Juniores/alunos
[2026-02-28T19:17:04.223Z] GET /api/turmas/Intermedi%C3%A1rios/alunos
[2026-02-28T19:17:04.268Z] GET /api/turmas/Jovens/alunos
[2026-02-28T19:17:04.294Z] GET /api/turmas/Adultos/alunos
[2026-02-28T19:17:04.320Z] GET /api/turmas/Sem%20Turma/alunos
[2026-02-28T19:17:29.135Z] GET /api/registros?page=1&limit=100
[2026-02-28T19:17:29.141Z] GET /api/turmas
[2026-02-28T19:17:29.675Z] GET /api/turmas/Ber%C3%A7%C3%A1rio/alunos
[2026-02-28T19:17:29.716Z] GET /api/turmas/Maternal/alunos
[2026-02-28T19:17:29.760Z] GET /api/turmas/Prim%C3%A1rios/alunos
[2026-02-28T19:17:29.805Z] GET /api/turmas/Principiantes/alunos
[2026-02-28T19:17:29.862Z] GET /api/turmas/Juniores/alunos
[2026-02-28T19:17:29.925Z] GET /api/turmas/Intermedi%C3%A1rios/alunos
[2026-02-28T19:17:29.970Z] GET /api/turmas/Jovens/alunos
[2026-02-28T19:17:30.033Z] GET /api/turmas/Adultos/alunos
[2026-02-28T19:17:30.063Z] GET /api/turmas/Sem%20Turma/alunos
[2026-02-28T19:18:21.395Z] GET /api/registros?page=1&limit=100
[2026-02-28T19:18:21.403Z] GET /api/turmas
[2026-02-28T19:18:21.919Z] GET /api/turmas/Ber%C3%A7%C3%A1rio/alunos
[2026-02-28T19:18:22.035Z] GET /api/turmas/Maternal/alunos
[2026-02-28T19:18:22.069Z] GET /api/turmas/Prim%C3%A1rios/alunos
[2026-02-28T19:18:22.098Z] GET /api/turmas/Principiantes/alunos
[2026-02-28T19:18:22.128Z] GET /api/turmas/Juniores/alunos
[2026-02-28T19:18:22.155Z] GET /api/turmas/Intermedi%C3%A1rios/alunos
[2026-02-28T19:18:22.182Z] GET /api/turmas/Jovens/alunos
[2026-02-28T19:18:22.210Z] GET /api/turmas/Adultos/alunos
[2026-02-28T19:18:22.242Z] GET /api/turmas/Sem%20Turma/alunos
[2026-02-28T19:18:30.253Z] GET /api/turmas
[2026-02-28T19:18:30.279Z] GET /api/registros?page=1&limit=100
[2026-02-28T19:18:30.528Z] GET /api/turmas/Ber%C3%A7%C3%A1rio/alunos
[2026-02-28T19:18:30.836Z] GET /api/turmas/Maternal/alunos
[2026-02-28T19:18:30.887Z] GET /api/turmas/Prim%C3%A1rios/alunos
[2026-02-28T19:18:30.925Z] GET /api/turmas/Principiantes/alunos
[2026-02-28T19:18:30.959Z] GET /api/turmas/Juniores/alunos
[2026-02-28T19:18:31.243Z] GET /api/turmas/Intermedi%C3%A1rios/alunos
[2026-02-28T19:18:31.283Z] GET /api/turmas/Jovens/alunos
[2026-02-28T19:18:31.320Z] GET /api/turmas/Adultos/alunos
[2026-02-28T19:18:45.379Z] POST /api/registros
[2026-02-28T19:19:44.939Z] PATCH /api/registros/9a63a19f-43d9-4876-8733-f792e22cae3a
[2026-02-28T19:19:54.483Z] PATCH /api/registros/9a63a19f-43d9-4876-8733-f792e22cae3a
[2026-02-28T19:21:47.121Z] GET /api/registros?page=1&limit=100
[2026-02-28T19:21:47.331Z] GET /api/turmas
[2026-02-28T19:21:47.374Z] GET /api/turmas/Ber%C3%A7%C3%A1rio/alunos
[2026-02-28T19:21:47.424Z] GET /api/turmas/Maternal/alunos
[2026-02-28T19:21:47.464Z] GET /api/turmas/Prim%C3%A1rios/alunos
[2026-02-28T19:21:47.494Z] GET /api/turmas/Principiantes/alunos
[2026-02-28T19:21:47.547Z] GET /api/turmas/Juniores/alunos
[2026-02-28T19:21:47.664Z] GET /api/turmas/Intermedi%C3%A1rios/alunos
[2026-02-28T19:21:47.728Z] GET /api/turmas/Jovens/alunos
[2026-02-28T19:21:47.774Z] GET /api/turmas/Adultos/alunos
[2026-02-28T19:21:58.060Z] POST /api/auth/login
[2026-02-28T19:21:58.692Z] GET /api/registros?page=1&limit=100
[2026-02-28T19:21:59.431Z] GET /api/registros?page=1&limit=100
[2026-02-28T19:21:59.625Z] GET /api/turmas
[2026-02-28T19:21:59.787Z] GET /api/turmas
[2026-02-28T19:21:59.815Z] GET /api/turmas/Ber%C3%A7%C3%A1rio/alunos
[2026-02-28T19:21:59.835Z] GET /api/turmas/Ber%C3%A7%C3%A1rio/alunos
[2026-02-28T19:21:59.899Z] GET /api/turmas/Maternal/alunos
[2026-02-28T19:21:59.956Z] GET /api/turmas/Maternal/alunos
[2026-02-28T19:21:59.958Z] GET /api/turmas/Prim%C3%A1rios/alunos
[2026-02-28T19:22:00.009Z] GET /api/turmas/Prim%C3%A1rios/alunos
[2026-02-28T19:22:00.017Z] GET /api/turmas/Principiantes/alunos
[2026-02-28T19:22:00.065Z] GET /api/turmas/Juniores/alunos
[2026-02-28T19:22:00.069Z] GET /api/turmas/Principiantes/alunos
[2026-02-28T19:22:00.164Z] GET /api/turmas/Juniores/alunos
[2026-02-28T19:22:00.167Z] GET /api/turmas/Intermedi%C3%A1rios/alunos
[2026-02-28T19:22:00.219Z] GET /api/turmas/Intermedi%C3%A1rios/alunos
[2026-02-28T19:22:00.223Z] GET /api/turmas/Jovens/alunos
[2026-02-28T19:22:00.263Z] GET /api/turmas/Adultos/alunos
[2026-02-28T19:22:00.265Z] GET /api/turmas/Jovens/alunos
[2026-02-28T19:22:00.304Z] GET /api/turmas/Adultos/alunos
[2026-02-28T19:22:13.867Z] PATCH /api/registros/9a63a19f-43d9-4876-8733-f792e22cae3a
[2026-02-28T19:22:19.268Z] GET /api/registros?page=1&limit=100
[2026-02-28T19:22:19.279Z] GET /api/turmas
[2026-02-28T19:22:20.909Z] GET /api/turmas/Ber%C3%A7%C3%A1rio/alunos
[2026-02-28T19:22:20.947Z] GET /api/turmas/Maternal/alunos
[2026-02-28T19:22:20.990Z] GET /api/turmas/Prim%C3%A1rios/alunos
[2026-02-28T19:22:21.024Z] GET /api/turmas/Principiantes/alunos
[2026-02-28T19:22:21.059Z] GET /api/turmas/Juniores/alunos
[2026-02-28T19:22:21.083Z] GET /api/turmas/Intermedi%C3%A1rios/alunos
[2026-02-28T19:22:21.114Z] GET /api/turmas/Jovens/alunos
[2026-02-28T19:22:21.140Z] GET /api/turmas/Adultos/alunos
[2026-02-28T19:23:19.182Z] DELETE /api/registros/9a63a19f-43d9-4876-8733-f792e22cae3a
[2026-02-28T19:23:55.787Z] GET /api/turmas
[2026-02-28T19:23:55.806Z] GET /api/registros?page=1&limit=100
[2026-02-28T19:23:56.446Z] GET /api/turmas/Ber%C3%A7%C3%A1rio/alunos
[2026-02-28T19:23:56.490Z] GET /api/turmas/Maternal/alunos
[2026-02-28T19:23:56.526Z] GET /api/turmas/Prim%C3%A1rios/alunos
[2026-02-28T19:23:56.572Z] GET /api/turmas/Principiantes/alunos
[2026-02-28T19:23:56.598Z] GET /api/turmas/Juniores/alunos
[2026-02-28T19:23:56.634Z] GET /api/turmas/Intermedi%C3%A1rios/alunos
[2026-02-28T19:23:56.665Z] GET /api/turmas/Jovens/alunos
[2026-02-28T19:23:56.698Z] GET /api/turmas/Adultos/alunos
[2026-02-28T19:25:10.074Z] GET /api/registros?page=1&limit=100
[2026-02-28T19:25:10.553Z] GET /api/turmas
[2026-02-28T19:25:10.619Z] GET /api/turmas/Ber%C3%A7%C3%A1rio/alunos
[2026-02-28T19:25:10.710Z] GET /api/turmas/Maternal/alunos
[2026-02-28T19:25:10.752Z] GET /api/turmas/Prim%C3%A1rios/alunos
[2026-02-28T19:25:10.785Z] GET /api/turmas/Principiantes/alunos
[2026-02-28T19:25:10.816Z] GET /api/turmas/Juniores/alunos
[2026-02-28T19:25:10.850Z] GET /api/turmas/Intermedi%C3%A1rios/alunos
[2026-02-28T19:25:10.880Z] GET /api/turmas/Jovens/alunos
[2026-02-28T19:25:10.912Z] GET /api/turmas/Adultos/alunos
[2026-02-28T19:25:20.052Z] POST /api/auth/login
[2026-02-28T19:25:20.793Z] GET /api/registros?page=1&limit=100
[2026-02-28T19:25:22.018Z] GET /api/registros?page=1&limit=100
[2026-02-28T19:25:22.174Z] GET /api/turmas
[2026-02-28T19:25:22.200Z] GET /api/turmas
[2026-02-28T19:25:22.320Z] GET /api/turmas/Ber%C3%A7%C3%A1rio/alunos
[2026-02-28T19:25:22.324Z] GET /api/turmas/Ber%C3%A7%C3%A1rio/alunos
[2026-02-28T19:25:22.507Z] GET /api/turmas/Maternal/alunos
[2026-02-28T19:25:22.519Z] GET /api/turmas/Maternal/alunos
[2026-02-28T19:25:22.569Z] GET /api/turmas/Prim%C3%A1rios/alunos
[2026-02-28T19:25:22.577Z] GET /api/turmas/Prim%C3%A1rios/alunos
[2026-02-28T19:25:22.628Z] GET /api/turmas/Principiantes/alunos
[2026-02-28T19:25:22.638Z] GET /api/turmas/Principiantes/alunos
[2026-02-28T19:25:22.685Z] GET /api/turmas/Juniores/alunos
[2026-02-28T19:25:22.699Z] GET /api/turmas/Juniores/alunos
[2026-02-28T19:25:22.763Z] GET /api/turmas/Intermedi%C3%A1rios/alunos
[2026-02-28T19:25:22.772Z] GET /api/turmas/Intermedi%C3%A1rios/alunos
[2026-02-28T19:25:22.832Z] GET /api/turmas/Jovens/alunos
[2026-02-28T19:25:22.837Z] GET /api/turmas/Jovens/alunos
[2026-02-28T19:25:22.873Z] GET /api/turmas/Adultos/alunos
[2026-02-28T19:25:22.890Z] GET /api/turmas/Adultos/alunos
[2026-02-28T19:25:28.094Z] GET /api/turmas
[2026-02-28T19:25:28.104Z] GET /api/registros?page=1&limit=100
[2026-02-28T19:25:28.605Z] GET /api/turmas/Ber%C3%A7%C3%A1rio/alunos
[2026-02-28T19:25:28.651Z] GET /api/turmas/Maternal/alunos
[2026-02-28T19:25:28.692Z] GET /api/turmas/Prim%C3%A1rios/alunos
[2026-02-28T19:25:28.725Z] GET /api/turmas/Principiantes/alunos
[2026-02-28T19:25:28.761Z] GET /api/turmas/Juniores/alunos
[2026-02-28T19:25:28.794Z] GET /api/turmas/Intermedi%C3%A1rios/alunos
[2026-02-28T19:25:28.878Z] GET /api/turmas/Jovens/alunos
[2026-02-28T19:25:28.907Z] GET /api/turmas/Adultos/alunos
[2026-02-28T19:25:36.253Z] GET /api/turmas
[2026-02-28T19:25:36.259Z] GET /api/registros?page=1&limit=100
[2026-02-28T19:25:36.300Z] GET /api/turmas/Ber%C3%A7%C3%A1rio/alunos
[2026-02-28T19:25:36.770Z] GET /api/turmas/Maternal/alunos
[2026-02-28T19:25:36.803Z] GET /api/turmas/Prim%C3%A1rios/alunos
[2026-02-28T19:25:36.840Z] GET /api/turmas/Principiantes/alunos
[2026-02-28T19:25:36.874Z] GET /api/turmas/Juniores/alunos
[2026-02-28T19:25:36.908Z] GET /api/turmas/Intermedi%C3%A1rios/alunos
[2026-02-28T19:25:36.948Z] GET /api/turmas/Jovens/alunos
[2026-02-28T19:25:36.983Z] GET /api/turmas/Adultos/alunos
[2026-02-28T19:25:52.278Z] GET /api/turmas
[2026-02-28T19:25:52.284Z] GET /api/registros?page=1&limit=100
[2026-02-28T19:25:52.389Z] GET /api/turmas/Ber%C3%A7%C3%A1rio/alunos
[2026-02-28T19:25:52.807Z] GET /api/turmas/Maternal/alunos
[2026-02-28T19:25:52.850Z] GET /api/turmas/Prim%C3%A1rios/alunos
[2026-02-28T19:25:52.875Z] GET /api/turmas/Principiantes/alunos
[2026-02-28T19:25:52.925Z] GET /api/turmas/Juniores/alunos
[2026-02-28T19:25:52.957Z] GET /api/turmas/Intermedi%C3%A1rios/alunos
[2026-02-28T19:25:52.989Z] GET /api/turmas/Jovens/alunos
[2026-02-28T19:25:53.055Z] GET /api/turmas/Adultos/alunos
[2026-02-28T19:26:25.101Z] GET /api/registros?page=1&limit=100
[2026-02-28T19:26:25.121Z] GET /api/turmas
[2026-02-28T19:26:25.526Z] GET /api/turmas/Ber%C3%A7%C3%A1rio/alunos
[2026-02-28T19:26:25.583Z] GET /api/turmas/Maternal/alunos
[2026-02-28T19:26:25.716Z] GET /api/turmas/Prim%C3%A1rios/alunos
[2026-02-28T19:26:25.758Z] GET /api/turmas/Principiantes/alunos
[2026-02-28T19:26:25.786Z] GET /api/turmas/Juniores/alunos
[2026-02-28T19:26:25.817Z] GET /api/turmas/Intermedi%C3%A1rios/alunos
[2026-02-28T19:26:25.850Z] GET /api/turmas/Jovens/alunos
[2026-02-28T19:26:25.983Z] GET /api/turmas/Adultos/alunos
[2026-02-28T19:31:04.989Z] GET /api/registros?page=1&limit=100
[2026-02-28T19:31:05.976Z] GET /api/turmas
[2026-02-28T19:31:06.688Z] GET /api/turmas/Ber%C3%A7%C3%A1rio/alunos
[2026-02-28T19:31:07.377Z] GET /api/turmas/Maternal/alunos
[2026-02-28T19:31:09.049Z] GET /api/turmas/Prim%C3%A1rios/alunos
[2026-02-28T19:31:11.149Z] GET /api/turmas/Principiantes/alunos
[2026-02-28T19:31:12.470Z] GET /api/turmas/Juniores/alunos
[2026-02-28T19:31:13.768Z] POST /api/auth/login
[2026-02-28T19:31:16.233Z] GET /api/turmas/Intermedi%C3%A1rios/alunos
[2026-02-28T19:31:17.779Z] GET /api/turmas/Jovens/alunos
[2026-02-28T19:31:18.879Z] GET /api/turmas/Adultos/alunos
[2026-02-28T19:31:21.179Z] GET /api/registros?page=1&limit=100
[2026-02-28T19:31:22.336Z] GET /api/registros?page=1&limit=100
[2026-02-28T19:31:22.682Z] GET /api/turmas
[2026-02-28T19:31:23.284Z] GET /api/turmas/Ber%C3%A7%C3%A1rio/alunos
[2026-02-28T19:31:23.821Z] GET /api/turmas
[2026-02-28T19:31:24.341Z] GET /api/turmas/Ber%C3%A7%C3%A1rio/alunos
[2026-02-28T19:31:24.367Z] GET /api/turmas/Maternal/alunos
[2026-02-28T19:31:24.419Z] GET /api/turmas/Prim%C3%A1rios/alunos
[2026-02-28T19:31:24.470Z] GET /api/turmas/Principiantes/alunos
[2026-02-28T19:31:24.510Z] GET /api/turmas/Juniores/alunos
[2026-02-28T19:31:24.526Z] GET /api/turmas/Maternal/alunos
[2026-02-28T19:31:24.565Z] GET /api/turmas/Intermedi%C3%A1rios/alunos
[2026-02-28T19:31:24.574Z] GET /api/turmas/Prim%C3%A1rios/alunos
[2026-02-28T19:31:24.672Z] GET /api/turmas/Jovens/alunos
[2026-02-28T19:31:24.733Z] GET /api/turmas/Principiantes/alunos
[2026-02-28T19:31:24.878Z] GET /api/turmas/Juniores/alunos
[2026-02-28T19:31:24.886Z] GET /api/turmas/Adultos/alunos
[2026-02-28T19:31:24.939Z] GET /api/turmas/Intermedi%C3%A1rios/alunos
[2026-02-28T19:31:25.006Z] GET /api/turmas/Jovens/alunos
[2026-02-28T19:31:25.120Z] GET /api/turmas/Adultos/alunos
[2026-02-28T19:32:52.687Z] GET /api/registros?page=1&limit=100
[2026-02-28T19:32:52.821Z] GET /api/turmas
[2026-02-28T19:32:52.854Z] GET /api/turmas/Ber%C3%A7%C3%A1rio/alunos
[2026-02-28T19:32:52.881Z] GET /api/turmas/Maternal/alunos
[2026-02-28T19:32:52.926Z] GET /api/turmas/Prim%C3%A1rios/alunos
[2026-02-28T19:32:52.967Z] GET /api/turmas/Principiantes/alunos
[2026-02-28T19:32:52.996Z] GET /api/turmas/Juniores/alunos
[2026-02-28T19:32:53.027Z] GET /api/turmas/Intermedi%C3%A1rios/alunos
[2026-02-28T19:32:53.095Z] GET /api/turmas/Jovens/alunos
[2026-02-28T19:32:53.139Z] GET /api/turmas/Adultos/alunos
[2026-02-28T19:33:06.204Z] POST /api/auth/login
[2026-02-28T19:33:06.700Z] GET /api/registros?page=1&limit=100
[2026-02-28T19:33:07.718Z] GET /api/registros?page=1&limit=100
[2026-02-28T19:33:08.153Z] GET /api/turmas
[2026-02-28T19:33:08.212Z] GET /api/turmas
[2026-02-28T19:33:08.577Z] GET /api/turmas/Ber%C3%A7%C3%A1rio/alunos
[2026-02-28T19:33:08.702Z] GET /api/turmas/Ber%C3%A7%C3%A1rio/alunos
[2026-02-28T19:33:09.032Z] GET /api/turmas/Maternal/alunos
[2026-02-28T19:33:09.117Z] GET /api/turmas/Maternal/alunos
[2026-02-28T19:33:09.961Z] GET /api/turmas/Prim%C3%A1rios/alunos
[2026-02-28T19:33:09.966Z] GET /api/turmas/Prim%C3%A1rios/alunos
[2026-02-28T19:33:10.000Z] GET /api/turmas/Principiantes/alunos
[2026-02-28T19:33:10.034Z] GET /api/turmas/Juniores/alunos
[2026-02-28T19:33:10.092Z] GET /api/turmas/Intermedi%C3%A1rios/alunos
[2026-02-28T19:33:10.096Z] GET /api/turmas/Principiantes/alunos
[2026-02-28T19:33:10.138Z] GET /api/turmas/Juniores/alunos
[2026-02-28T19:33:10.147Z] GET /api/turmas/Jovens/alunos
[2026-02-28T19:33:10.197Z] GET /api/turmas/Intermedi%C3%A1rios/alunos
[2026-02-28T19:33:10.202Z] GET /api/turmas/Adultos/alunos
[2026-02-28T19:33:10.234Z] GET /api/turmas/Jovens/alunos
[2026-02-28T19:33:11.614Z] GET /api/turmas/Adultos/alunos
[2026-02-28T19:35:22.127Z] GET /api/registros?page=1&limit=100
[2026-02-28T19:35:22.280Z] GET /api/turmas
[2026-02-28T19:35:22.328Z] GET /api/turmas/Ber%C3%A7%C3%A1rio/alunos
[2026-02-28T19:35:22.375Z] GET /api/turmas/Maternal/alunos
[2026-02-28T19:35:22.402Z] GET /api/turmas/Prim%C3%A1rios/alunos
[2026-02-28T19:35:22.431Z] GET /api/turmas/Principiantes/alunos
[2026-02-28T19:35:22.454Z] GET /api/turmas/Juniores/alunos
[2026-02-28T19:35:22.491Z] GET /api/turmas/Intermedi%C3%A1rios/alunos
[2026-02-28T19:35:22.521Z] GET /api/turmas/Jovens/alunos
[2026-02-28T19:35:22.564Z] GET /api/turmas/Adultos/alunos
[2026-02-28T19:35:32.179Z] POST /api/auth/login
[2026-02-28T19:35:32.600Z] GET /api/registros?page=1&limit=100
[2026-02-28T19:35:33.391Z] GET /api/registros?page=1&limit=100
[2026-02-28T19:35:33.408Z] GET /api/turmas
[2026-02-28T19:35:33.484Z] GET /api/turmas
[2026-02-28T19:35:33.489Z] GET /api/turmas/Ber%C3%A7%C3%A1rio/alunos
[2026-02-28T19:35:33.539Z] GET /api/turmas/Ber%C3%A7%C3%A1rio/alunos
[2026-02-28T19:35:33.601Z] GET /api/turmas/Maternal/alunos
[2026-02-28T19:35:33.605Z] GET /api/turmas/Maternal/alunos
[2026-02-28T19:35:33.644Z] GET /api/turmas/Prim%C3%A1rios/alunos
[2026-02-28T19:35:33.646Z] GET /api/turmas/Prim%C3%A1rios/alunos
[2026-02-28T19:35:33.702Z] GET /api/turmas/Principiantes/alunos
[2026-02-28T19:35:33.709Z] GET /api/turmas/Principiantes/alunos
[2026-02-28T19:35:33.765Z] GET /api/turmas/Juniores/alunos
[2026-02-28T19:35:33.767Z] GET /api/turmas/Juniores/alunos
[2026-02-28T19:35:33.848Z] GET /api/turmas/Intermedi%C3%A1rios/alunos
[2026-02-28T19:35:33.854Z] GET /api/turmas/Intermedi%C3%A1rios/alunos
[2026-02-28T19:35:33.910Z] GET /api/turmas/Jovens/alunos
[2026-02-28T19:35:33.923Z] GET /api/turmas/Jovens/alunos
[2026-02-28T19:35:33.940Z] GET /api/turmas/Adultos/alunos
[2026-02-28T19:35:33.947Z] GET /api/turmas/Adultos/alunos
[2026-02-28T19:36:00.909Z] POST /api/registros
[2026-02-28T20:03:29.195Z] GET /api/registros?page=1&limit=100
[2026-02-28T20:03:29.232Z] GET /api/turmas
[2026-02-28T20:03:29.760Z] GET /api/turmas/Ber%C3%A7%C3%A1rio/alunos
[2026-02-28T20:03:29.822Z] GET /api/turmas/Maternal/alunos
[2026-02-28T20:03:29.867Z] GET /api/turmas/Prim%C3%A1rios/alunos
[2026-02-28T20:03:29.917Z] GET /api/turmas/Principiantes/alunos
[2026-02-28T20:03:29.995Z] GET /api/turmas/Juniores/alunos
[2026-02-28T20:03:30.062Z] GET /api/turmas/Intermedi%C3%A1rios/alunos
[2026-02-28T20:03:30.150Z] GET /api/turmas/Jovens/alunos
[2026-02-28T20:03:30.219Z] GET /api/turmas/Adultos/alunos
[2026-02-28T20:03:42.409Z] DELETE /api/registros/743944d4-4f66-4992-959d-7ba0c107d9f6
[2026-02-28T20:04:01.939Z] GET /api/registros?page=1&limit=100
[2026-02-28T20:04:02.670Z] GET /api/turmas
[2026-02-28T20:04:02.696Z] GET /api/turmas/Ber%C3%A7%C3%A1rio/alunos
[2026-02-28T20:04:02.725Z] GET /api/turmas/Maternal/alunos
[2026-02-28T20:04:02.752Z] GET /api/turmas/Prim%C3%A1rios/alunos
[2026-02-28T20:04:02.789Z] GET /api/turmas/Principiantes/alunos
[2026-02-28T20:04:02.837Z] GET /api/turmas/Juniores/alunos
[2026-02-28T20:04:02.890Z] GET /api/turmas/Intermedi%C3%A1rios/alunos
[2026-02-28T20:04:02.917Z] GET /api/turmas/Jovens/alunos
[2026-02-28T20:04:02.959Z] GET /api/turmas/Adultos/alunos
[2026-02-28T20:04:14.199Z] DELETE /api/alunos/aa359deb-07c2-4766-b2ba-2ea6985e24b5
[2026-02-28T20:04:34.704Z] POST /api/turmas/Ber%C3%A7%C3%A1rio/alunos
[2026-02-28T20:04:41.445Z] POST /api/turmas/Ber%C3%A7%C3%A1rio/alunos
[2026-02-28T20:05:10.591Z] POST /api/registros
[2026-02-28T20:06:19.339Z] GET /api/turmas
[2026-02-28T20:06:19.342Z] GET /api/registros?page=1&limit=100
[2026-02-28T20:06:19.453Z] GET /api/turmas/Ber%C3%A7%C3%A1rio/alunos
[2026-02-28T20:06:19.845Z] GET /api/turmas/Maternal/alunos
[2026-02-28T20:06:19.910Z] GET /api/turmas/Prim%C3%A1rios/alunos
[2026-02-28T20:06:19.939Z] GET /api/turmas/Principiantes/alunos
[2026-02-28T20:06:19.997Z] GET /api/turmas/Juniores/alunos
[2026-02-28T20:06:20.050Z] GET /api/turmas/Intermedi%C3%A1rios/alunos
[2026-02-28T20:06:20.085Z] GET /api/turmas/Jovens/alunos
[2026-02-28T20:06:20.118Z] GET /api/turmas/Adultos/alunos
[2026-02-28T20:26:58.898Z] GET /api/registros?page=1&limit=100
[2026-02-28T20:26:59.173Z] GET /api/turmas
[2026-02-28T20:26:59.225Z] GET /api/turmas/Ber%C3%A7%C3%A1rio/alunos
[2026-02-28T20:26:59.350Z] GET /api/turmas/Maternal/alunos
[2026-02-28T20:26:59.387Z] GET /api/turmas/Prim%C3%A1rios/alunos
[2026-02-28T20:26:59.422Z] GET /api/turmas/Principiantes/alunos
[2026-02-28T20:26:59.455Z] GET /api/turmas/Juniores/alunos
[2026-02-28T20:26:59.509Z] GET /api/turmas/Intermedi%C3%A1rios/alunos
[2026-02-28T20:26:59.559Z] GET /api/turmas/Jovens/alunos
[2026-02-28T20:26:59.599Z] GET /api/turmas/Adultos/alunos
[2026-02-28T20:46:15.313Z] GET /api/registros?page=1&limit=100
[2026-02-28T20:46:15.485Z] GET /api/turmas
[2026-02-28T20:46:15.525Z] GET /api/turmas/Ber%C3%A7%C3%A1rio/alunos
[2026-02-28T20:46:15.667Z] GET /api/turmas/Maternal/alunos
[2026-02-28T20:46:15.695Z] GET /api/turmas/Prim%C3%A1rios/alunos
[2026-02-28T20:46:15.736Z] GET /api/turmas/Principiantes/alunos
[2026-02-28T20:46:15.773Z] GET /api/turmas/Juniores/alunos
[2026-02-28T20:46:15.875Z] GET /api/turmas/Intermedi%C3%A1rios/alunos
[2026-02-28T20:46:15.906Z] GET /api/turmas/Jovens/alunos
[2026-02-28T20:46:15.937Z] GET /api/turmas/Adultos/alunos
[2026-02-28T20:49:08.895Z] POST /api/auth/login
[2026-02-28T20:49:09.483Z] GET /api/registros?page=1&limit=100
[2026-02-28T20:49:10.246Z] GET /api/registros?page=1&limit=100
[2026-02-28T20:49:10.267Z] GET /api/turmas
[2026-02-28T20:49:10.505Z] GET /api/turmas
[2026-02-28T20:49:10.546Z] GET /api/turmas/Ber%C3%A7%C3%A1rio/alunos
[2026-02-28T20:49:10.562Z] GET /api/turmas/Ber%C3%A7%C3%A1rio/alunos
[2026-02-28T20:49:10.763Z] GET /api/turmas/Maternal/alunos
[2026-02-28T20:49:10.771Z] GET /api/turmas/Maternal/alunos
[2026-02-28T20:49:10.804Z] GET /api/turmas/Prim%C3%A1rios/alunos
[2026-02-28T20:49:10.808Z] GET /api/turmas/Prim%C3%A1rios/alunos
[2026-02-28T20:49:10.839Z] GET /api/turmas/Principiantes/alunos
[2026-02-28T20:49:10.842Z] GET /api/turmas/Principiantes/alunos
[2026-02-28T20:49:10.871Z] GET /api/turmas/Juniores/alunos
[2026-02-28T20:49:10.875Z] GET /api/turmas/Juniores/alunos
[2026-02-28T20:49:10.906Z] GET /api/turmas/Intermedi%C3%A1rios/alunos
[2026-02-28T20:49:10.917Z] GET /api/turmas/Intermedi%C3%A1rios/alunos
[2026-02-28T20:49:10.937Z] GET /api/turmas/Jovens/alunos
[2026-02-28T20:49:10.941Z] GET /api/turmas/Jovens/alunos
[2026-02-28T20:49:10.973Z] GET /api/turmas/Adultos/alunos
[2026-02-28T20:49:10.979Z] GET /api/turmas/Adultos/alunos
[2026-02-28T21:09:35.382Z] GET /api/registros?page=1&limit=100
[2026-02-28T21:09:35.990Z] GET /api/turmas
[2026-02-28T21:09:36.194Z] GET /api/turmas/Ber%C3%A7%C3%A1rio/alunos
[2026-02-28T21:09:36.398Z] GET /api/turmas/Maternal/alunos
[2026-02-28T21:09:36.613Z] GET /api/turmas/Prim%C3%A1rios/alunos
[2026-02-28T21:09:36.731Z] GET /api/turmas/Principiantes/alunos
[2026-02-28T21:09:36.755Z] GET /api/turmas/Juniores/alunos
[2026-02-28T21:09:36.781Z] GET /api/turmas/Intermedi%C3%A1rios/alunos
[2026-02-28T21:09:36.828Z] GET /api/turmas/Jovens/alunos
[2026-02-28T21:09:37.012Z] GET /api/turmas/Adultos/alunos
[2026-02-28T21:09:46.012Z] POST /api/auth/login
[2026-02-28T21:09:46.497Z] GET /api/registros?page=1&limit=100
[2026-02-28T21:09:46.525Z] GET /api/turmas
[2026-02-28T21:09:46.644Z] GET /api/turmas/Ber%C3%A7%C3%A1rio/alunos
[2026-02-28T21:09:46.694Z] GET /api/turmas/Maternal/alunos
[2026-02-28T21:09:46.717Z] GET /api/turmas/Prim%C3%A1rios/alunos
[2026-02-28T21:09:46.777Z] GET /api/turmas/Principiantes/alunos
[2026-02-28T21:09:46.824Z] GET /api/turmas/Juniores/alunos
[2026-02-28T21:09:46.872Z] GET /api/turmas/Intermedi%C3%A1rios/alunos
[2026-02-28T21:09:46.943Z] GET /api/turmas/Jovens/alunos
[2026-02-28T21:09:47.021Z] GET /api/turmas/Adultos/alunos
[2026-02-28T21:09:55.794Z] POST /api/auth/login
[2026-02-28T21:09:56.216Z] GET /api/registros?page=1&limit=100
[2026-02-28T21:09:56.989Z] GET /api/registros?page=1&limit=100
[2026-02-28T21:09:57.005Z] GET /api/turmas
[2026-02-28T21:09:57.056Z] GET /api/turmas
[2026-02-28T21:09:57.288Z] GET /api/turmas/Ber%C3%A7%C3%A1rio/alunos
[2026-02-28T21:09:57.355Z] GET /api/turmas/Maternal/alunos
[2026-02-28T21:09:57.357Z] GET /api/turmas/Ber%C3%A7%C3%A1rio/alunos
[2026-02-28T21:09:57.399Z] GET /api/turmas/Prim%C3%A1rios/alunos
[2026-02-28T21:09:57.468Z] GET /api/turmas/Principiantes/alunos
[2026-02-28T21:09:57.526Z] GET /api/turmas/Maternal/alunos
[2026-02-28T21:09:57.528Z] GET /api/turmas/Juniores/alunos
[2026-02-28T21:09:57.568Z] GET /api/turmas/Intermedi%C3%A1rios/alunos
[2026-02-28T21:09:57.570Z] GET /api/turmas/Prim%C3%A1rios/alunos
[2026-02-28T21:09:57.622Z] GET /api/turmas/Jovens/alunos
[2026-02-28T21:09:57.624Z] GET /api/turmas/Principiantes/alunos
[2026-02-28T21:09:57.660Z] GET /api/turmas/Adultos/alunos
[2026-02-28T21:09:57.662Z] GET /api/turmas/Juniores/alunos
[2026-02-28T21:09:57.697Z] GET /api/turmas/Intermedi%C3%A1rios/alunos
[2026-02-28T21:09:57.735Z] GET /api/turmas/Jovens/alunos
[2026-02-28T21:09:57.767Z] GET /api/turmas/Adultos/alunos
[2026-02-28T21:12:12.101Z] GET /api/registros?page=1&limit=100
[2026-02-28T21:12:12.104Z] GET /api/turmas
[2026-02-28T21:12:12.298Z] GET /api/turmas/Ber%C3%A7%C3%A1rio/alunos
[2026-02-28T21:12:12.356Z] GET /api/turmas/Maternal/alunos
[2026-02-28T21:12:12.391Z] GET /api/turmas/Prim%C3%A1rios/alunos
[2026-02-28T21:12:12.413Z] GET /api/turmas/Principiantes/alunos
[2026-02-28T21:12:12.438Z] GET /api/turmas/Juniores/alunos
[2026-02-28T21:12:12.459Z] GET /api/turmas/Intermedi%C3%A1rios/alunos
[2026-02-28T21:12:12.484Z] GET /api/turmas/Jovens/alunos
[2026-02-28T21:12:12.508Z] GET /api/turmas/Adultos/alunos
[2026-02-28T22:04:36.328Z] GET /api/registros?page=1&limit=100
[2026-02-28T22:04:36.571Z] GET /api/turmas
[2026-02-28T22:04:36.620Z] GET /api/turmas/Ber%C3%A7%C3%A1rio/alunos
[2026-02-28T22:04:36.689Z] GET /api/turmas/Maternal/alunos
[2026-02-28T22:04:36.739Z] GET /api/turmas/Prim%C3%A1rios/alunos
[2026-02-28T22:04:36.775Z] GET /api/turmas/Principiantes/alunos
[2026-02-28T22:04:36.823Z] GET /api/turmas/Juniores/alunos
[2026-02-28T22:04:36.867Z] GET /api/turmas/Intermedi%C3%A1rios/alunos
[2026-02-28T22:04:36.903Z] GET /api/turmas/Jovens/alunos
[2026-02-28T22:04:36.948Z] GET /api/turmas/Adultos/alunos
[2026-02-28T22:04:46.459Z] POST /api/auth/login
[2026-02-28T22:04:47.086Z] GET /api/registros?page=1&limit=100
[2026-02-28T22:04:47.996Z] GET /api/registros?page=1&limit=100
[2026-02-28T22:04:48.007Z] GET /api/turmas
[2026-02-28T22:04:48.035Z] GET /api/turmas
[2026-02-28T22:04:48.040Z] GET /api/turmas/Ber%C3%A7%C3%A1rio/alunos
[2026-02-28T22:04:48.247Z] GET /api/turmas/Ber%C3%A7%C3%A1rio/alunos
[2026-02-28T22:04:48.259Z] GET /api/turmas/Maternal/alunos
[2026-02-28T22:04:48.321Z] GET /api/turmas/Maternal/alunos
[2026-02-28T22:04:48.324Z] GET /api/turmas/Prim%C3%A1rios/alunos
[2026-02-28T22:04:48.369Z] GET /api/turmas/Prim%C3%A1rios/alunos
[2026-02-28T22:04:48.376Z] GET /api/turmas/Principiantes/alunos
[2026-02-28T22:04:48.398Z] GET /api/turmas/Principiantes/alunos
[2026-02-28T22:04:48.408Z] GET /api/turmas/Juniores/alunos
[2026-02-28T22:04:48.431Z] GET /api/turmas/Juniores/alunos
[2026-02-28T22:04:48.446Z] GET /api/turmas/Intermedi%C3%A1rios/alunos
[2026-02-28T22:04:48.462Z] GET /api/turmas/Intermedi%C3%A1rios/alunos
[2026-02-28T22:04:48.474Z] GET /api/turmas/Jovens/alunos
[2026-02-28T22:04:48.495Z] GET /api/turmas/Jovens/alunos
[2026-02-28T22:04:48.526Z] GET /api/turmas/Adultos/alunos
[2026-02-28T22:04:48.533Z] GET /api/turmas/Adultos/alunos
[2026-02-28T22:05:10.412Z] DELETE /api/alunos/20965f05-e483-4726-8229-e512e96590a7
[2026-02-28T22:05:16.547Z] DELETE /api/alunos/b8aac108-180e-4530-989d-30f08a621af0
[2026-03-01T14:33:30.597Z] GET /api/registros?page=1&limit=100
[2026-03-01T14:33:30.830Z] GET /api/turmas
[2026-03-01T14:33:30.884Z] GET /api/turmas/Ber%C3%A7%C3%A1rio/alunos
[2026-03-01T14:33:30.970Z] GET /api/turmas/Maternal/alunos
[2026-03-01T14:33:31.040Z] GET /api/turmas/Prim%C3%A1rios/alunos
[2026-03-01T14:33:31.091Z] GET /api/turmas/Principiantes/alunos
[2026-03-01T14:33:31.134Z] GET /api/turmas/Juniores/alunos
[2026-03-01T14:33:31.170Z] GET /api/turmas/Intermedi%C3%A1rios/alunos
[2026-03-01T14:33:31.239Z] GET /api/turmas/Jovens/alunos
[2026-03-01T14:33:31.295Z] GET /api/turmas/Adultos/alunos
[2026-03-01T14:33:54.539Z] POST /api/auth/login
[2026-03-01T14:33:55.608Z] GET /api/registros?page=1&limit=100
[2026-03-01T14:33:56.331Z] GET /api/registros?page=1&limit=100
[2026-03-01T14:33:56.348Z] GET /api/turmas
[2026-03-01T14:33:56.389Z] GET /api/turmas
[2026-03-01T14:33:56.735Z] GET /api/turmas/Ber%C3%A7%C3%A1rio/alunos
[2026-03-01T14:33:56.742Z] GET /api/turmas/Ber%C3%A7%C3%A1rio/alunos
[2026-03-01T14:33:56.808Z] GET /api/turmas/Maternal/alunos
[2026-03-01T14:33:56.844Z] GET /api/turmas/Prim%C3%A1rios/alunos
[2026-03-01T14:33:56.886Z] GET /api/turmas/Principiantes/alunos
[2026-03-01T14:33:56.940Z] GET /api/turmas/Juniores/alunos
[2026-03-01T14:33:56.962Z] GET /api/turmas/Maternal/alunos
[2026-03-01T14:33:57.042Z] GET /api/turmas/Prim%C3%A1rios/alunos
[2026-03-01T14:33:57.047Z] GET /api/turmas/Intermedi%C3%A1rios/alunos
[2026-03-01T14:33:57.100Z] GET /api/turmas/Principiantes/alunos
[2026-03-01T14:33:57.104Z] GET /api/turmas/Jovens/alunos
[2026-03-01T14:33:57.159Z] GET /api/turmas/Adultos/alunos
[2026-03-01T14:33:57.165Z] GET /api/turmas/Juniores/alunos
[2026-03-01T14:33:57.214Z] GET /api/turmas/Intermedi%C3%A1rios/alunos
[2026-03-01T14:33:57.246Z] GET /api/turmas/Jovens/alunos
[2026-03-01T14:33:57.286Z] GET /api/turmas/Adultos/alunos
[2026-03-01T14:35:43.680Z] GET /api/registros?page=1&limit=100
[2026-03-01T14:35:43.877Z] GET /api/turmas
[2026-03-01T14:35:43.923Z] GET /api/turmas/Ber%C3%A7%C3%A1rio/alunos
[2026-03-01T14:35:43.967Z] GET /api/turmas/Maternal/alunos
[2026-03-01T14:35:44.002Z] GET /api/turmas/Prim%C3%A1rios/alunos
[2026-03-01T14:35:44.045Z] GET /api/turmas/Principiantes/alunos
[2026-03-01T14:35:44.077Z] GET /api/turmas/Juniores/alunos
[2026-03-01T14:35:44.122Z] GET /api/turmas/Intermedi%C3%A1rios/alunos
[2026-03-01T14:35:44.162Z] GET /api/turmas/Jovens/alunos
[2026-03-01T14:35:44.189Z] GET /api/turmas/Adultos/alunos
[2026-03-01T14:36:03.420Z] POST /api/auth/login
[2026-03-01T14:36:03.922Z] GET /api/registros?page=1&limit=100
[2026-03-01T14:36:04.689Z] GET /api/registros?page=1&limit=100
[2026-03-01T14:36:04.709Z] GET /api/turmas
[2026-03-01T14:36:04.738Z] GET /api/turmas
[2026-03-01T14:36:05.043Z] GET /api/turmas/Ber%C3%A7%C3%A1rio/alunos
[2026-03-01T14:36:05.048Z] GET /api/turmas/Ber%C3%A7%C3%A1rio/alunos
[2026-03-01T14:36:05.098Z] GET /api/turmas/Maternal/alunos
[2026-03-01T14:36:05.127Z] GET /api/turmas/Prim%C3%A1rios/alunos
[2026-03-01T14:36:05.158Z] GET /api/turmas/Principiantes/alunos
[2026-03-01T14:36:05.212Z] GET /api/turmas/Juniores/alunos
[2026-03-01T14:36:05.238Z] GET /api/turmas/Maternal/alunos
[2026-03-01T14:36:05.248Z] GET /api/turmas/Intermedi%C3%A1rios/alunos
[2026-03-01T14:36:05.287Z] GET /api/turmas/Jovens/alunos
[2026-03-01T14:36:05.299Z] GET /api/turmas/Prim%C3%A1rios/alunos
[2026-03-01T14:36:05.314Z] GET /api/turmas/Adultos/alunos
[2026-03-01T14:36:05.324Z] GET /api/turmas/Principiantes/alunos
[2026-03-01T14:36:05.347Z] GET /api/turmas/Juniores/alunos
[2026-03-01T14:36:05.398Z] GET /api/turmas/Intermedi%C3%A1rios/alunos
[2026-03-01T14:36:05.428Z] GET /api/turmas/Jovens/alunos
[2026-03-01T14:36:05.456Z] GET /api/turmas/Adultos/alunos
[2026-03-01T14:46:25.134Z] GET /api/registros?page=1&limit=100
[2026-03-01T14:46:25.390Z] GET /api/turmas
[2026-03-01T14:46:25.448Z] GET /api/turmas/Ber%C3%A7%C3%A1rio/alunos
[2026-03-01T14:46:25.523Z] GET /api/turmas/Maternal/alunos
[2026-03-01T14:46:25.572Z] GET /api/turmas/Prim%C3%A1rios/alunos
[2026-03-01T14:46:25.608Z] GET /api/turmas/Principiantes/alunos
[2026-03-01T14:46:25.657Z] GET /api/turmas/Juniores/alunos
[2026-03-01T14:46:25.725Z] GET /api/turmas/Intermedi%C3%A1rios/alunos
[2026-03-01T14:46:26.017Z] GET /api/turmas/Jovens/alunos
[2026-03-01T14:46:26.066Z] GET /api/turmas/Adultos/alunos
[2026-03-01T14:46:40.430Z] POST /api/auth/login
[2026-03-01T14:46:41.060Z] GET /api/registros?page=1&limit=100
[2026-03-01T14:46:41.857Z] GET /api/registros?page=1&limit=100
[2026-03-01T14:46:41.868Z] GET /api/turmas
[2026-03-01T14:46:42.003Z] GET /api/turmas
[2026-03-01T14:46:42.011Z] GET /api/turmas/Ber%C3%A7%C3%A1rio/alunos
[2026-03-01T14:46:42.230Z] GET /api/turmas/Ber%C3%A7%C3%A1rio/alunos
[2026-03-01T14:46:42.268Z] GET /api/turmas/Maternal/alunos
[2026-03-01T14:46:42.327Z] GET /api/turmas/Prim%C3%A1rios/alunos
[2026-03-01T14:46:42.355Z] GET /api/turmas/Principiantes/alunos
[2026-03-01T14:46:42.407Z] GET /api/turmas/Juniores/alunos
[2026-03-01T14:46:42.418Z] GET /api/turmas/Maternal/alunos
[2026-03-01T14:46:42.439Z] GET /api/turmas/Intermedi%C3%A1rios/alunos
[2026-03-01T14:46:42.449Z] GET /api/turmas/Prim%C3%A1rios/alunos
[2026-03-01T14:46:42.463Z] GET /api/turmas/Jovens/alunos
[2026-03-01T14:46:42.470Z] GET /api/turmas/Principiantes/alunos
[2026-03-01T14:46:42.489Z] GET /api/turmas/Adultos/alunos
[2026-03-01T14:46:42.501Z] GET /api/turmas/Juniores/alunos
[2026-03-01T14:46:42.621Z] GET /api/turmas/Intermedi%C3%A1rios/alunos
[2026-03-01T14:46:42.643Z] GET /api/turmas/Jovens/alunos
[2026-03-01T14:46:42.673Z] GET /api/turmas/Adultos/alunos
[2026-03-01T15:07:20.622Z] GET /api/registros?page=1&limit=100
[2026-03-01T15:07:20.756Z] GET /api/turmas
[2026-03-01T15:07:20.794Z] GET /api/turmas/Ber%C3%A7%C3%A1rio/alunos
[2026-03-01T15:07:20.842Z] GET /api/turmas/Maternal/alunos
[2026-03-01T15:07:20.878Z] GET /api/turmas/Prim%C3%A1rios/alunos
[2026-03-01T15:07:20.909Z] GET /api/turmas/Principiantes/alunos
[2026-03-01T15:07:20.941Z] GET /api/turmas/Juniores/alunos
[2026-03-01T15:07:20.969Z] GET /api/turmas/Intermedi%C3%A1rios/alunos
[2026-03-01T15:07:21.007Z] GET /api/turmas/Jovens/alunos
[2026-03-01T15:07:21.082Z] GET /api/turmas/Adultos/alunos
[2026-03-01T15:07:39.960Z] POST /api/auth/login
[2026-03-01T15:07:40.417Z] GET /api/registros?page=1&limit=100
[2026-03-01T15:07:41.187Z] GET /api/registros?page=1&limit=100
[2026-03-01T15:07:41.214Z] GET /api/turmas
[2026-03-01T15:07:41.232Z] GET /api/turmas
[2026-03-01T15:07:41.460Z] GET /api/turmas/Ber%C3%A7%C3%A1rio/alunos
[2026-03-01T15:07:41.510Z] GET /api/turmas/Ber%C3%A7%C3%A1rio/alunos
[2026-03-01T15:07:41.515Z] GET /api/turmas/Maternal/alunos
[2026-03-01T15:07:41.659Z] GET /api/turmas/Maternal/alunos
[2026-03-01T15:07:41.666Z] GET /api/turmas/Prim%C3%A1rios/alunos
[2026-03-01T15:07:41.697Z] GET /api/turmas/Prim%C3%A1rios/alunos
[2026-03-01T15:07:41.733Z] GET /api/turmas/Principiantes/alunos
[2026-03-01T15:07:41.737Z] GET /api/turmas/Principiantes/alunos
[2026-03-01T15:07:41.775Z] GET /api/turmas/Juniores/alunos
[2026-03-01T15:07:41.783Z] GET /api/turmas/Juniores/alunos
[2026-03-01T15:07:41.802Z] GET /api/turmas/Intermedi%C3%A1rios/alunos
[2026-03-01T15:07:41.812Z] GET /api/turmas/Intermedi%C3%A1rios/alunos
[2026-03-01T15:07:41.823Z] GET /api/turmas/Jovens/alunos
[2026-03-01T15:07:41.833Z] GET /api/turmas/Jovens/alunos
[2026-03-01T15:07:41.858Z] GET /api/turmas/Adultos/alunos
[2026-03-01T15:07:41.866Z] GET /api/turmas/Adultos/alunos
[2026-03-01T15:10:51.411Z] GET /api/registros?page=1&limit=100
[2026-03-01T15:10:51.645Z] GET /api/turmas
[2026-03-01T15:10:51.704Z] GET /api/turmas/Ber%C3%A7%C3%A1rio/alunos
[2026-03-01T15:10:51.732Z] GET /api/turmas/Maternal/alunos
[2026-03-01T15:10:51.779Z] GET /api/turmas/Prim%C3%A1rios/alunos
[2026-03-01T15:10:51.833Z] GET /api/turmas/Principiantes/alunos
[2026-03-01T15:10:51.881Z] GET /api/turmas/Juniores/alunos
[2026-03-01T15:10:51.924Z] GET /api/turmas/Intermedi%C3%A1rios/alunos
[2026-03-01T15:10:52.008Z] GET /api/turmas/Jovens/alunos
[2026-03-01T15:10:52.048Z] GET /api/turmas/Adultos/alunos
[2026-03-01T15:10:53.259Z] GET /api/registros?page=1&limit=100
[2026-03-01T15:10:53.362Z] GET /api/turmas
[2026-03-01T15:10:53.449Z] GET /api/turmas/Ber%C3%A7%C3%A1rio/alunos
[2026-03-01T15:10:53.473Z] GET /api/turmas/Maternal/alunos
[2026-03-01T15:10:53.523Z] GET /api/turmas/Prim%C3%A1rios/alunos
[2026-03-01T15:10:53.546Z] GET /api/turmas/Principiantes/alunos
[2026-03-01T15:10:53.567Z] GET /api/turmas/Juniores/alunos
[2026-03-01T15:10:53.849Z] GET /api/turmas/Intermedi%C3%A1rios/alunos
[2026-03-01T15:10:53.881Z] GET /api/turmas/Jovens/alunos
[2026-03-01T15:10:53.932Z] GET /api/turmas/Adultos/alunos
[2026-03-01T15:11:20.366Z] GET /api/registros?page=1&limit=100
[2026-03-01T15:11:20.564Z] GET /api/turmas
[2026-03-01T15:11:20.703Z] GET /api/turmas/Ber%C3%A7%C3%A1rio/alunos
[2026-03-01T15:11:20.757Z] GET /api/turmas/Maternal/alunos
[2026-03-01T15:11:20.863Z] GET /api/turmas/Prim%C3%A1rios/alunos
[2026-03-01T15:11:20.948Z] GET /api/turmas/Principiantes/alunos
[2026-03-01T15:11:21.076Z] GET /api/turmas/Juniores/alunos
[2026-03-01T15:11:21.144Z] GET /api/turmas/Intermedi%C3%A1rios/alunos
[2026-03-01T15:11:21.189Z] GET /api/turmas/Jovens/alunos
[2026-03-01T15:11:21.280Z] GET /api/turmas/Adultos/alunos
[2026-03-01T15:14:10.431Z] GET /api/registros?page=1&limit=100
[2026-03-01T15:14:10.441Z] GET /api/turmas
[2026-03-01T15:14:10.564Z] GET /api/turmas/Ber%C3%A7%C3%A1rio/alunos
[2026-03-01T15:14:11.065Z] GET /api/turmas/Maternal/alunos
[2026-03-01T15:14:11.115Z] GET /api/turmas/Prim%C3%A1rios/alunos
[2026-03-01T15:14:11.233Z] GET /api/turmas/Principiantes/alunos
[2026-03-01T15:14:11.286Z] GET /api/turmas/Juniores/alunos
[2026-03-01T15:14:11.312Z] GET /api/turmas/Intermedi%C3%A1rios/alunos
[2026-03-01T15:14:11.363Z] GET /api/turmas/Jovens/alunos
[2026-03-01T15:14:11.397Z] GET /api/turmas/Adultos/alunos
[2026-03-01T15:14:20.299Z] DELETE /api/registros/3d2bca23-551b-45a3-a04a-bbdec9cd3d54
[2026-03-01T15:14:24.733Z] GET /api/registros?page=1&limit=100
[2026-03-01T15:14:24.753Z] GET /api/turmas
[2026-03-01T15:14:25.116Z] GET /api/turmas/Ber%C3%A7%C3%A1rio/alunos
[2026-03-01T15:14:25.150Z] GET /api/turmas/Maternal/alunos
[2026-03-01T15:14:25.198Z] GET /api/turmas/Prim%C3%A1rios/alunos
[2026-03-01T15:14:25.229Z] GET /api/turmas/Principiantes/alunos
[2026-03-01T15:14:25.271Z] GET /api/turmas/Juniores/alunos
[2026-03-01T15:14:25.311Z] GET /api/turmas/Intermedi%C3%A1rios/alunos
[2026-03-01T15:14:25.339Z] GET /api/turmas/Jovens/alunos
[2026-03-01T15:14:25.364Z] GET /api/turmas/Adultos/alunos
[2026-03-01T15:16:09.170Z] GET /api/registros?page=1&limit=100
[2026-03-01T15:16:09.315Z] GET /api/turmas
[2026-03-01T15:16:09.343Z] GET /api/turmas/Ber%C3%A7%C3%A1rio/alunos
[2026-03-01T15:16:09.369Z] GET /api/turmas/Maternal/alunos
[2026-03-01T15:16:09.402Z] GET /api/turmas/Prim%C3%A1rios/alunos
[2026-03-01T15:16:09.445Z] GET /api/turmas/Principiantes/alunos
[2026-03-01T15:16:09.502Z] GET /api/turmas/Juniores/alunos
[2026-03-01T15:16:09.547Z] GET /api/turmas/Intermedi%C3%A1rios/alunos
[2026-03-01T15:16:09.586Z] GET /api/turmas/Jovens/alunos
[2026-03-01T15:16:09.633Z] GET /api/turmas/Adultos/alunos
[2026-03-01T15:16:21.861Z] POST /api/auth/login
[2026-03-01T15:16:22.344Z] GET /api/registros?page=1&limit=100
[2026-03-01T15:16:22.920Z] GET /api/registros?page=1&limit=100
[2026-03-01T15:16:22.927Z] GET /api/turmas
[2026-03-01T15:16:23.193Z] GET /api/turmas/Ber%C3%A7%C3%A1rio/alunos
[2026-03-01T15:16:23.266Z] GET /api/turmas
[2026-03-01T15:16:23.310Z] GET /api/turmas/Maternal/alunos
[2026-03-01T15:16:23.354Z] GET /api/turmas/Ber%C3%A7%C3%A1rio/alunos
[2026-03-01T15:16:23.357Z] GET /api/turmas/Prim%C3%A1rios/alunos
[2026-03-01T15:16:23.407Z] GET /api/turmas/Maternal/alunos
[2026-03-01T15:16:23.477Z] GET /api/turmas/Principiantes/alunos
[2026-03-01T15:16:23.480Z] GET /api/turmas/Prim%C3%A1rios/alunos
[2026-03-01T15:16:23.510Z] GET /api/turmas/Juniores/alunos
[2026-03-01T15:16:23.536Z] GET /api/turmas/Principiantes/alunos
[2026-03-01T15:16:23.538Z] GET /api/turmas/Intermedi%C3%A1rios/alunos
[2026-03-01T15:16:23.617Z] GET /api/turmas/Juniores/alunos
[2026-03-01T15:16:23.627Z] GET /api/turmas/Jovens/alunos
[2026-03-01T15:16:23.682Z] GET /api/turmas/Intermedi%C3%A1rios/alunos
[2026-03-01T15:16:23.686Z] GET /api/turmas/Adultos/alunos
[2026-03-01T15:16:23.744Z] GET /api/turmas/Jovens/alunos
[2026-03-01T15:16:23.792Z] GET /api/turmas/Adultos/alunos
[2026-03-01T15:17:10.514Z] GET /api/registros?page=1&limit=100
[2026-03-01T15:17:10.797Z] GET /api/turmas
[2026-03-01T15:17:10.868Z] GET /api/turmas/Ber%C3%A7%C3%A1rio/alunos
[2026-03-01T15:17:10.938Z] GET /api/turmas/Maternal/alunos
[2026-03-01T15:17:10.992Z] GET /api/turmas/Prim%C3%A1rios/alunos
[2026-03-01T15:17:11.040Z] GET /api/turmas/Principiantes/alunos
[2026-03-01T15:17:11.088Z] GET /api/turmas/Juniores/alunos
[2026-03-01T15:17:11.121Z] GET /api/turmas/Intermedi%C3%A1rios/alunos
[2026-03-01T15:17:11.159Z] GET /api/turmas/Jovens/alunos
[2026-03-01T15:17:11.206Z] GET /api/turmas/Adultos/alunos
[2026-03-01T15:17:33.332Z] GET /api/registros?page=1&limit=100
[2026-03-01T15:17:33.456Z] GET /api/turmas
[2026-03-01T15:17:33.488Z] GET /api/turmas/Ber%C3%A7%C3%A1rio/alunos
[2026-03-01T15:17:33.547Z] GET /api/turmas/Maternal/alunos
[2026-03-01T15:17:33.599Z] GET /api/turmas/Prim%C3%A1rios/alunos
[2026-03-01T15:17:33.657Z] GET /api/turmas/Principiantes/alunos
[2026-03-01T15:17:33.700Z] GET /api/turmas/Juniores/alunos
[2026-03-01T15:17:33.746Z] GET /api/turmas/Intermedi%C3%A1rios/alunos
[2026-03-01T15:17:33.771Z] GET /api/turmas/Jovens/alunos
[2026-03-01T15:17:33.807Z] GET /api/turmas/Adultos/alunos
[2026-03-01T15:17:53.635Z] POST /api/auth/login
[2026-03-01T15:17:54.083Z] GET /api/registros?page=1&limit=100
[2026-03-01T15:17:54.856Z] GET /api/registros?page=1&limit=100
[2026-03-01T15:17:54.873Z] GET /api/turmas
[2026-03-01T15:17:55.010Z] GET /api/turmas
[2026-03-01T15:17:55.014Z] GET /api/turmas/Ber%C3%A7%C3%A1rio/alunos
[2026-03-01T15:17:55.127Z] GET /api/turmas/Ber%C3%A7%C3%A1rio/alunos
[2026-03-01T15:17:55.134Z] GET /api/turmas/Maternal/alunos
[2026-03-01T15:17:55.185Z] GET /api/turmas/Maternal/alunos
[2026-03-01T15:17:55.204Z] GET /api/turmas/Prim%C3%A1rios/alunos
[2026-03-01T15:17:55.276Z] GET /api/turmas/Prim%C3%A1rios/alunos
[2026-03-01T15:17:55.280Z] GET /api/turmas/Principiantes/alunos
[2026-03-01T15:17:55.329Z] GET /api/turmas/Juniores/alunos
[2026-03-01T15:17:55.331Z] GET /api/turmas/Principiantes/alunos
[2026-03-01T15:17:55.420Z] GET /api/turmas/Intermedi%C3%A1rios/alunos
[2026-03-01T15:17:55.424Z] GET /api/turmas/Juniores/alunos
[2026-03-01T15:17:55.468Z] GET /api/turmas/Jovens/alunos
[2026-03-01T15:17:55.493Z] GET /api/turmas/Intermedi%C3%A1rios/alunos
[2026-03-01T15:17:55.533Z] GET /api/turmas/Adultos/alunos
[2026-03-01T15:17:55.579Z] GET /api/turmas/Jovens/alunos
[2026-03-01T15:17:55.878Z] GET /api/turmas/Adultos/alunos
[2026-03-01T15:18:24.971Z] POST /api/turmas/Ber%C3%A7%C3%A1rio/alunos
[2026-03-01T15:18:42.659Z] POST /api/registros
[2026-03-01T15:19:12.906Z] PATCH /api/auth/profile
[2026-03-01T15:19:13.483Z] GET /api/registros?page=1&limit=100
[2026-03-01T15:19:13.558Z] GET /api/turmas
[2026-03-01T15:19:13.646Z] GET /api/turmas/Ber%C3%A7%C3%A1rio/alunos
[2026-03-01T15:19:13.675Z] GET /api/turmas/Maternal/alunos
[2026-03-01T15:19:13.724Z] GET /api/turmas/Prim%C3%A1rios/alunos
[2026-03-01T15:19:13.753Z] GET /api/turmas/Principiantes/alunos
[2026-03-01T15:19:13.892Z] GET /api/turmas/Juniores/alunos
[2026-03-01T15:19:13.941Z] GET /api/turmas/Intermedi%C3%A1rios/alunos
[2026-03-01T15:19:13.987Z] GET /api/turmas/Jovens/alunos
[2026-03-01T15:19:14.027Z] GET /api/turmas/Adultos/alunos
[2026-03-01T15:19:47.714Z] POST /api/auth/login
[2026-03-01T15:19:48.107Z] GET /api/registros?page=1&limit=100
[2026-03-01T15:19:48.755Z] GET /api/registros?page=1&limit=100
[2026-03-01T15:19:48.778Z] GET /api/turmas
[2026-03-01T15:19:48.874Z] GET /api/turmas
[2026-03-01T15:19:49.081Z] GET /api/turmas/Ber%C3%A7%C3%A1rio/alunos
[2026-03-01T15:19:49.087Z] GET /api/turmas/Ber%C3%A7%C3%A1rio/alunos
[2026-03-01T15:19:49.112Z] GET /api/turmas/Maternal/alunos
[2026-03-01T15:19:49.121Z] GET /api/turmas/Maternal/alunos
[2026-03-01T15:19:49.202Z] GET /api/turmas/Prim%C3%A1rios/alunos
[2026-03-01T15:19:49.206Z] GET /api/turmas/Prim%C3%A1rios/alunos
[2026-03-01T15:19:49.250Z] GET /api/turmas/Principiantes/alunos
[2026-03-01T15:19:49.317Z] GET /api/turmas/Principiantes/alunos
[2026-03-01T15:19:49.325Z] GET /api/turmas/Juniores/alunos
[2026-03-01T15:19:49.355Z] GET /api/turmas/Juniores/alunos
[2026-03-01T15:19:49.369Z] GET /api/turmas/Intermedi%C3%A1rios/alunos
[2026-03-01T15:19:49.396Z] GET /api/turmas/Intermedi%C3%A1rios/alunos
[2026-03-01T15:19:49.405Z] GET /api/turmas/Jovens/alunos
[2026-03-01T15:19:49.422Z] GET /api/turmas/Jovens/alunos
[2026-03-01T15:19:49.441Z] GET /api/turmas/Adultos/alunos
[2026-03-01T15:19:49.455Z] GET /api/turmas/Adultos/alunos
[2026-03-01T15:20:31.128Z] GET /api/registros?page=1&limit=100
[2026-03-01T15:20:31.336Z] GET /api/turmas
[2026-03-01T15:20:31.388Z] GET /api/turmas/Ber%C3%A7%C3%A1rio/alunos
[2026-03-01T15:20:31.442Z] GET /api/turmas/Maternal/alunos
[2026-03-01T15:20:31.488Z] GET /api/turmas/Prim%C3%A1rios/alunos
[2026-03-01T15:20:31.537Z] GET /api/turmas/Principiantes/alunos
[2026-03-01T15:20:31.574Z] GET /api/turmas/Juniores/alunos
[2026-03-01T15:20:31.616Z] GET /api/turmas/Intermedi%C3%A1rios/alunos
[2026-03-01T15:20:31.676Z] GET /api/turmas/Jovens/alunos
[2026-03-01T15:20:31.739Z] GET /api/turmas/Adultos/alunos
[2026-03-01T15:20:37.860Z] GET /api/registros?page=1&limit=100
[2026-03-01T15:20:38.059Z] GET /api/turmas
[2026-03-01T15:20:38.094Z] GET /api/turmas/Ber%C3%A7%C3%A1rio/alunos
[2026-03-01T15:20:38.115Z] GET /api/turmas/Maternal/alunos
[2026-03-01T15:20:38.175Z] GET /api/turmas/Prim%C3%A1rios/alunos
[2026-03-01T15:20:38.486Z] GET /api/turmas/Principiantes/alunos
[2026-03-01T15:20:38.545Z] GET /api/turmas/Juniores/alunos
[2026-03-01T15:20:38.583Z] GET /api/turmas/Intermedi%C3%A1rios/alunos
[2026-03-01T15:20:38.618Z] GET /api/turmas/Jovens/alunos
[2026-03-01T15:20:38.661Z] GET /api/turmas/Adultos/alunos
[2026-03-01T15:20:49.545Z] PATCH /api/auth/profile
[2026-03-01T15:20:49.908Z] GET /api/registros?page=1&limit=100
[2026-03-01T15:20:49.945Z] GET /api/turmas
[2026-03-01T15:20:50.091Z] GET /api/turmas/Ber%C3%A7%C3%A1rio/alunos
[2026-03-01T15:20:50.112Z] GET /api/turmas/Maternal/alunos
[2026-03-01T15:20:50.134Z] GET /api/turmas/Prim%C3%A1rios/alunos
[2026-03-01T15:20:50.160Z] GET /api/turmas/Principiantes/alunos
[2026-03-01T15:20:50.180Z] GET /api/turmas/Juniores/alunos
[2026-03-01T15:20:50.221Z] GET /api/turmas/Intermedi%C3%A1rios/alunos
[2026-03-01T15:20:50.248Z] GET /api/turmas/Jovens/alunos
[2026-03-01T15:20:50.273Z] GET /api/turmas/Adultos/alunos
[2026-03-01T15:22:27.990Z] POST /api/auth/login
[2026-03-01T15:22:28.365Z] GET /api/registros?page=1&limit=100
[2026-03-01T15:22:28.951Z] GET /api/registros?page=1&limit=100
[2026-03-01T15:22:28.965Z] GET /api/turmas
[2026-03-01T15:22:29.001Z] GET /api/turmas
[2026-03-01T15:22:29.239Z] GET /api/turmas/Ber%C3%A7%C3%A1rio/alunos
[2026-03-01T15:22:29.249Z] GET /api/turmas/Ber%C3%A7%C3%A1rio/alunos
[2026-03-01T15:22:29.377Z] GET /api/turmas/Maternal/alunos
[2026-03-01T15:22:29.379Z] GET /api/turmas/Maternal/alunos
[2026-03-01T15:22:29.422Z] GET /api/turmas/Prim%C3%A1rios/alunos
[2026-03-01T15:22:29.676Z] GET /api/turmas/Principiantes/alunos
[2026-03-01T15:22:29.690Z] GET /api/turmas/Prim%C3%A1rios/alunos
[2026-03-01T15:22:29.703Z] GET /api/turmas/Juniores/alunos
[2026-03-01T15:22:29.713Z] GET /api/turmas/Principiantes/alunos
[2026-03-01T15:22:29.744Z] GET /api/turmas/Intermedi%C3%A1rios/alunos
[2026-03-01T15:22:29.747Z] GET /api/turmas/Juniores/alunos
[2026-03-01T15:22:29.797Z] GET /api/turmas/Jovens/alunos
[2026-03-01T15:22:29.807Z] GET /api/turmas/Intermedi%C3%A1rios/alunos
[2026-03-01T15:22:29.859Z] GET /api/turmas/Adultos/alunos
[2026-03-01T15:22:29.861Z] GET /api/turmas/Jovens/alunos
[2026-03-01T15:22:29.888Z] GET /api/turmas/Adultos/alunos
[2026-03-01T15:23:30.349Z] PATCH /api/auth/profile
[2026-03-01T15:23:30.677Z] GET /api/registros?page=1&limit=100
[2026-03-01T15:23:30.709Z] GET /api/turmas
[2026-03-01T15:23:30.833Z] GET /api/turmas/Ber%C3%A7%C3%A1rio/alunos
[2026-03-01T15:23:30.857Z] GET /api/turmas/Maternal/alunos
[2026-03-01T15:23:30.879Z] GET /api/turmas/Prim%C3%A1rios/alunos
[2026-03-01T15:23:30.901Z] GET /api/turmas/Principiantes/alunos
[2026-03-01T15:23:30.927Z] GET /api/turmas/Juniores/alunos
[2026-03-01T15:23:30.962Z] GET /api/turmas/Intermedi%C3%A1rios/alunos
[2026-03-01T15:23:31.015Z] GET /api/turmas/Jovens/alunos
[2026-03-01T15:23:31.062Z] GET /api/turmas/Adultos/alunos
[2026-03-01T15:24:43.670Z] POST /api/auth/login
[2026-03-01T15:24:44.133Z] GET /api/registros?page=1&limit=100
[2026-03-01T15:24:44.722Z] GET /api/registros?page=1&limit=100
[2026-03-01T15:24:44.745Z] GET /api/turmas
[2026-03-01T15:24:44.982Z] GET /api/turmas
[2026-03-01T15:24:44.995Z] GET /api/turmas/Ber%C3%A7%C3%A1rio/alunos
[2026-03-01T15:24:45.160Z] GET /api/turmas/Ber%C3%A7%C3%A1rio/alunos
[2026-03-01T15:24:45.170Z] GET /api/turmas/Maternal/alunos
[2026-03-01T15:24:45.258Z] GET /api/turmas/Maternal/alunos
[2026-03-01T15:24:45.260Z] GET /api/turmas/Prim%C3%A1rios/alunos
[2026-03-01T15:24:45.325Z] GET /api/turmas/Prim%C3%A1rios/alunos
[2026-03-01T15:24:45.344Z] GET /api/turmas/Principiantes/alunos
[2026-03-01T15:24:45.365Z] GET /api/turmas/Principiantes/alunos
[2026-03-01T15:24:45.382Z] GET /api/turmas/Juniores/alunos
[2026-03-01T15:24:45.395Z] GET /api/turmas/Juniores/alunos
[2026-03-01T15:24:45.415Z] GET /api/turmas/Intermedi%C3%A1rios/alunos
[2026-03-01T15:24:45.428Z] GET /api/turmas/Intermedi%C3%A1rios/alunos
[2026-03-01T15:24:45.448Z] GET /api/turmas/Jovens/alunos
[2026-03-01T15:24:45.499Z] GET /api/turmas/Jovens/alunos
[2026-03-01T15:24:45.502Z] GET /api/turmas/Adultos/alunos
[2026-03-01T15:24:45.543Z] GET /api/turmas/Adultos/alunos
[2026-03-01T15:24:56.515Z] GET /api/registros?page=1&limit=100
[2026-03-01T15:24:56.774Z] GET /api/turmas
[2026-03-01T15:24:56.815Z] GET /api/turmas/Ber%C3%A7%C3%A1rio/alunos
[2026-03-01T15:24:56.846Z] GET /api/turmas/Maternal/alunos
[2026-03-01T15:24:56.894Z] GET /api/turmas/Prim%C3%A1rios/alunos
[2026-03-01T15:24:56.943Z] GET /api/turmas/Principiantes/alunos
[2026-03-01T15:24:57.009Z] GET /api/turmas/Juniores/alunos
[2026-03-01T15:24:57.034Z] GET /api/turmas/Intermedi%C3%A1rios/alunos
[2026-03-01T15:24:57.056Z] GET /api/turmas/Jovens/alunos
[2026-03-01T15:24:57.099Z] GET /api/turmas/Adultos/alunos
[2026-03-01T15:25:16.264Z] GET /api/registros?page=1&limit=100
[2026-03-01T15:25:16.518Z] GET /api/turmas
[2026-03-01T15:25:16.584Z] GET /api/turmas/Ber%C3%A7%C3%A1rio/alunos
[2026-03-01T15:25:16.638Z] GET /api/turmas/Maternal/alunos
[2026-03-01T15:25:16.725Z] GET /api/turmas/Prim%C3%A1rios/alunos
[2026-03-01T15:25:16.773Z] GET /api/turmas/Principiantes/alunos
[2026-03-01T15:25:16.804Z] GET /api/turmas/Juniores/alunos
[2026-03-01T15:25:16.837Z] GET /api/turmas/Intermedi%C3%A1rios/alunos
[2026-03-01T15:25:17.105Z] GET /api/turmas/Jovens/alunos
[2026-03-01T15:25:17.147Z] GET /api/turmas/Adultos/alunos
[2026-03-01T15:25:40.394Z] PATCH /api/auth/profile
[2026-03-01T15:25:51.907Z] PATCH /api/auth/profile
[2026-03-01T15:26:13.441Z] PATCH /api/auth/profile
[2026-03-01T15:27:00.777Z] DELETE /api/registros/ef967a7a-7f17-44a8-b3b1-270fe2993d6b
[2026-03-01T15:27:21.128Z] PATCH /api/auth/profile
[2026-03-01T15:29:22.899Z] GET /api/registros?page=1&limit=100
[2026-03-01T15:29:22.993Z] GET /api/turmas
[2026-03-01T15:29:23.016Z] GET /api/turmas/Ber%C3%A7%C3%A1rio/alunos
[2026-03-01T15:29:23.039Z] GET /api/turmas/Maternal/alunos
[2026-03-01T15:29:23.071Z] GET /api/turmas/Prim%C3%A1rios/alunos
[2026-03-01T15:29:23.097Z] GET /api/turmas/Principiantes/alunos
[2026-03-01T15:29:23.127Z] GET /api/turmas/Juniores/alunos
[2026-03-01T15:29:23.403Z] GET /api/turmas/Intermedi%C3%A1rios/alunos
[2026-03-01T15:29:23.446Z] GET /api/turmas/Jovens/alunos
[2026-03-01T15:29:23.474Z] GET /api/turmas/Adultos/alunos
[2026-03-01T15:29:34.594Z] POST /api/auth/login
[2026-03-01T15:29:34.970Z] GET /api/registros?page=1&limit=100
[2026-03-01T15:29:35.534Z] GET /api/registros?page=1&limit=100
[2026-03-01T15:29:35.565Z] GET /api/turmas
[2026-03-01T15:29:35.636Z] GET /api/turmas
[2026-03-01T15:29:35.648Z] GET /api/turmas/Ber%C3%A7%C3%A1rio/alunos
[2026-03-01T15:29:35.689Z] GET /api/turmas/Ber%C3%A7%C3%A1rio/alunos
[2026-03-01T15:29:35.692Z] GET /api/turmas/Maternal/alunos
[2026-03-01T15:29:35.715Z] GET /api/turmas/Maternal/alunos
[2026-03-01T15:29:35.717Z] GET /api/turmas/Prim%C3%A1rios/alunos
[2026-03-01T15:29:35.738Z] GET /api/turmas/Prim%C3%A1rios/alunos
[2026-03-01T15:29:35.768Z] GET /api/turmas/Principiantes/alunos
[2026-03-01T15:29:35.807Z] GET /api/turmas/Juniores/alunos
[2026-03-01T15:29:35.810Z] GET /api/turmas/Principiantes/alunos
[2026-03-01T15:29:35.854Z] GET /api/turmas/Juniores/alunos
[2026-03-01T15:29:35.856Z] GET /api/turmas/Intermedi%C3%A1rios/alunos
[2026-03-01T15:29:35.908Z] GET /api/turmas/Intermedi%C3%A1rios/alunos
[2026-03-01T15:29:35.912Z] GET /api/turmas/Jovens/alunos
[2026-03-01T15:29:35.961Z] GET /api/turmas/Jovens/alunos
[2026-03-01T15:29:35.966Z] GET /api/turmas/Adultos/alunos
[2026-03-01T15:29:35.986Z] GET /api/turmas/Adultos/alunos
[2026-03-01T15:29:39.583Z] GET /api/registros?page=1&limit=100
[2026-03-01T15:29:39.889Z] GET /api/turmas
[2026-03-01T15:29:40.012Z] GET /api/turmas/Ber%C3%A7%C3%A1rio/alunos
[2026-03-01T15:29:40.054Z] GET /api/turmas/Maternal/alunos
[2026-03-01T15:29:40.107Z] GET /api/turmas/Prim%C3%A1rios/alunos
[2026-03-01T15:29:40.153Z] GET /api/turmas/Principiantes/alunos
[2026-03-01T15:29:40.190Z] GET /api/turmas/Juniores/alunos
[2026-03-01T15:29:40.226Z] GET /api/turmas/Intermedi%C3%A1rios/alunos
[2026-03-01T15:29:40.252Z] GET /api/turmas/Jovens/alunos
[2026-03-01T15:29:40.280Z] GET /api/turmas/Adultos/alunos
[2026-03-01T15:29:51.115Z] POST /api/auth/login
[2026-03-01T15:29:51.534Z] GET /api/registros?page=1&limit=100
[2026-03-01T15:29:52.154Z] GET /api/registros?page=1&limit=100
[2026-03-01T15:29:52.172Z] GET /api/turmas
[2026-03-01T15:29:52.321Z] GET /api/turmas
[2026-03-01T15:29:52.332Z] GET /api/turmas/Ber%C3%A7%C3%A1rio/alunos
[2026-03-01T15:29:52.345Z] GET /api/turmas/Ber%C3%A7%C3%A1rio/alunos
[2026-03-01T15:29:52.357Z] GET /api/turmas/Maternal/alunos
[2026-03-01T15:29:52.398Z] GET /api/turmas/Maternal/alunos
[2026-03-01T15:29:52.403Z] GET /api/turmas/Prim%C3%A1rios/alunos
[2026-03-01T15:29:52.448Z] GET /api/turmas/Prim%C3%A1rios/alunos
[2026-03-01T15:29:52.452Z] GET /api/turmas/Principiantes/alunos
[2026-03-01T15:29:52.519Z] GET /api/turmas/Principiantes/alunos
[2026-03-01T15:29:52.556Z] GET /api/turmas/Juniores/alunos
[2026-03-01T15:29:52.589Z] GET /api/turmas/Juniores/alunos
[2026-03-01T15:29:52.617Z] GET /api/turmas/Intermedi%C3%A1rios/alunos
[2026-03-01T15:29:52.673Z] GET /api/turmas/Intermedi%C3%A1rios/alunos
[2026-03-01T15:29:52.681Z] GET /api/turmas/Jovens/alunos
[2026-03-01T15:29:52.734Z] GET /api/turmas/Jovens/alunos
[2026-03-01T15:29:52.736Z] GET /api/turmas/Adultos/alunos
[2026-03-01T15:29:52.789Z] GET /api/turmas/Adultos/alunos
[2026-03-01T15:29:56.466Z] PATCH /api/auth/profile
[2026-03-01T15:55:51.835Z] GET /api/registros?page=1&limit=100
[2026-03-01T15:55:51.971Z] GET /api/turmas
[2026-03-01T15:55:52.017Z] GET /api/turmas/Ber%C3%A7%C3%A1rio/alunos
[2026-03-01T15:55:52.072Z] GET /api/turmas/Maternal/alunos
[2026-03-01T15:55:52.099Z] GET /api/turmas/Prim%C3%A1rios/alunos
[2026-03-01T15:55:52.135Z] GET /api/turmas/Principiantes/alunos
[2026-03-01T15:55:52.168Z] GET /api/turmas/Juniores/alunos
[2026-03-01T15:55:52.200Z] GET /api/turmas/Intermedi%C3%A1rios/alunos
[2026-03-01T15:55:52.249Z] GET /api/turmas/Jovens/alunos
[2026-03-01T15:55:52.293Z] GET /api/turmas/Adultos/alunos
[2026-03-01T15:56:03.232Z] POST /api/auth/login
[2026-03-01T15:56:03.795Z] GET /api/registros?page=1&limit=100
[2026-03-01T15:56:04.627Z] GET /api/registros?page=1&limit=100
[2026-03-01T15:56:04.658Z] GET /api/turmas
[2026-03-01T15:56:04.776Z] GET /api/turmas
[2026-03-01T15:56:04.803Z] GET /api/turmas/Ber%C3%A7%C3%A1rio/alunos
[2026-03-01T15:56:04.914Z] GET /api/turmas/Maternal/alunos
[2026-03-01T15:56:04.917Z] GET /api/turmas/Ber%C3%A7%C3%A1rio/alunos
[2026-03-01T15:56:04.967Z] GET /api/turmas/Prim%C3%A1rios/alunos
[2026-03-01T15:56:05.037Z] GET /api/turmas/Maternal/alunos
[2026-03-01T15:56:05.048Z] GET /api/turmas/Principiantes/alunos
[2026-03-01T15:56:05.111Z] GET /api/turmas/Prim%C3%A1rios/alunos
[2026-03-01T15:56:05.115Z] GET /api/turmas/Juniores/alunos
[2026-03-01T15:56:05.197Z] GET /api/turmas/Intermedi%C3%A1rios/alunos
[2026-03-01T15:56:05.201Z] GET /api/turmas/Principiantes/alunos
[2026-03-01T15:56:05.279Z] GET /api/turmas/Jovens/alunos
[2026-03-01T15:56:05.294Z] GET /api/turmas/Juniores/alunos
[2026-03-01T15:56:05.364Z] GET /api/turmas/Adultos/alunos
[2026-03-01T15:56:05.368Z] GET /api/turmas/Intermedi%C3%A1rios/alunos
[2026-03-01T15:56:05.434Z] GET /api/turmas/Jovens/alunos
[2026-03-01T15:56:05.483Z] GET /api/turmas/Adultos/alunos
[2026-03-01T15:56:06.522Z] GET /api/registros?page=1&limit=100
[2026-03-01T15:56:06.524Z] GET /api/turmas
[2026-03-01T15:56:06.642Z] GET /api/turmas/Ber%C3%A7%C3%A1rio/alunos
[2026-03-01T15:56:06.705Z] GET /api/turmas/Maternal/alunos
[2026-03-01T15:56:06.777Z] GET /api/turmas/Prim%C3%A1rios/alunos
[2026-03-01T15:56:06.822Z] GET /api/turmas/Principiantes/alunos
[2026-03-01T15:56:06.880Z] GET /api/turmas/Juniores/alunos
[2026-03-01T15:56:07.178Z] GET /api/turmas/Intermedi%C3%A1rios/alunos
[2026-03-01T15:56:07.233Z] GET /api/turmas/Jovens/alunos
[2026-03-01T15:56:07.309Z] GET /api/turmas/Adultos/alunos
[2026-03-01T15:56:08.722Z] GET /api/registros?page=1&limit=100
[2026-03-01T15:56:08.729Z] GET /api/turmas
[2026-03-01T15:56:08.803Z] GET /api/turmas/Ber%C3%A7%C3%A1rio/alunos
[2026-03-01T15:56:08.879Z] GET /api/turmas/Maternal/alunos
[2026-03-01T15:56:08.922Z] GET /api/turmas/Prim%C3%A1rios/alunos
[2026-03-01T15:56:08.966Z] GET /api/turmas/Principiantes/alunos
[2026-03-01T15:56:08.994Z] GET /api/turmas/Juniores/alunos
[2026-03-01T15:56:09.026Z] GET /api/turmas/Intermedi%C3%A1rios/alunos
[2026-03-01T15:56:09.062Z] GET /api/turmas/Jovens/alunos
[2026-03-01T15:56:09.089Z] GET /api/turmas/Adultos/alunos
[2026-03-01T15:57:27.433Z] GET /api/turmas
[2026-03-01T15:57:27.437Z] GET /api/registros?page=1&limit=100
[2026-03-01T15:57:27.871Z] GET /api/turmas/Ber%C3%A7%C3%A1rio/alunos
[2026-03-01T15:57:28.335Z] GET /api/turmas/Maternal/alunos
[2026-03-01T15:57:28.584Z] GET /api/turmas/Prim%C3%A1rios/alunos
[2026-03-01T15:57:28.612Z] GET /api/turmas/Principiantes/alunos
[2026-03-01T15:57:28.647Z] GET /api/turmas/Juniores/alunos
[2026-03-01T15:57:28.688Z] GET /api/turmas/Intermedi%C3%A1rios/alunos
[2026-03-01T15:57:28.714Z] GET /api/turmas/Jovens/alunos
[2026-03-01T15:57:28.739Z] GET /api/turmas/Adultos/alunos
[2026-03-01T15:58:00.374Z] GET /api/registros?page=1&limit=100
[2026-03-01T15:58:00.383Z] GET /api/turmas
[2026-03-01T15:58:00.927Z] GET /api/turmas/Ber%C3%A7%C3%A1rio/alunos
[2026-03-01T15:58:00.985Z] GET /api/turmas/Maternal/alunos
[2026-03-01T15:58:01.011Z] GET /api/turmas/Prim%C3%A1rios/alunos
[2026-03-01T15:58:01.046Z] GET /api/turmas/Principiantes/alunos
[2026-03-01T15:58:01.074Z] GET /api/turmas/Juniores/alunos
[2026-03-01T15:58:01.107Z] GET /api/turmas/Intermedi%C3%A1rios/alunos
[2026-03-01T15:58:01.133Z] GET /api/turmas/Jovens/alunos
[2026-03-01T15:58:01.163Z] GET /api/turmas/Adultos/alunos
[2026-03-01T15:58:57.515Z] GET /api/registros?page=1&limit=100
[2026-03-01T15:58:57.519Z] GET /api/turmas
[2026-03-01T15:58:58.056Z] GET /api/turmas/Ber%C3%A7%C3%A1rio/alunos
[2026-03-01T15:58:58.105Z] GET /api/turmas/Maternal/alunos
[2026-03-01T15:58:58.139Z] GET /api/turmas/Prim%C3%A1rios/alunos
[2026-03-01T15:58:58.170Z] GET /api/turmas/Principiantes/alunos
[2026-03-01T15:58:58.198Z] GET /api/turmas/Juniores/alunos
[2026-03-01T15:58:58.225Z] GET /api/turmas/Intermedi%C3%A1rios/alunos
[2026-03-01T15:58:58.260Z] GET /api/turmas/Jovens/alunos
[2026-03-01T15:58:58.291Z] GET /api/turmas/Adultos/alunos
[2026-03-01T15:59:49.516Z] GET /api/registros?page=1&limit=100
[2026-03-01T15:59:49.535Z] GET /api/turmas
[2026-03-01T15:59:49.656Z] GET /api/turmas/Ber%C3%A7%C3%A1rio/alunos
[2026-03-01T15:59:50.105Z] GET /api/turmas/Maternal/alunos
[2026-03-01T15:59:50.157Z] GET /api/turmas/Prim%C3%A1rios/alunos
[2026-03-01T15:59:50.424Z] GET /api/turmas/Principiantes/alunos
[2026-03-01T15:59:50.455Z] GET /api/turmas/Juniores/alunos
[2026-03-01T15:59:50.488Z] GET /api/turmas/Intermedi%C3%A1rios/alunos
[2026-03-01T15:59:50.518Z] GET /api/turmas/Jovens/alunos
[2026-03-01T15:59:50.543Z] GET /api/turmas/Adultos/alunos
[2026-03-01T16:01:00.578Z] GET /api/registros?page=1&limit=100
[2026-03-01T16:01:00.589Z] GET /api/turmas
[2026-03-01T16:02:14.041Z] GET /api/turmas
[2026-03-01T16:02:14.058Z] GET /api/registros?page=1&limit=100
[2026-03-01T16:02:14.493Z] GET /api/turmas/Ber%C3%A7%C3%A1rio/alunos
[2026-03-01T16:02:15.194Z] GET /api/turmas/Maternal/alunos
[2026-03-01T16:02:15.223Z] GET /api/turmas/Prim%C3%A1rios/alunos
[2026-03-01T16:02:15.251Z] GET /api/turmas/Principiantes/alunos
[2026-03-01T16:02:15.285Z] GET /api/turmas/Juniores/alunos
[2026-03-01T16:02:15.358Z] GET /api/turmas/Intermedi%C3%A1rios/alunos
[2026-03-01T16:02:15.527Z] GET /api/turmas/Jovens/alunos
[2026-03-01T16:02:15.600Z] GET /api/turmas/Adultos/alunos
[2026-03-01T16:02:15.669Z] GET /api/turmas/Teste%20API%20Robust/alunos
[2026-03-01T16:02:46.814Z] GET /api/registros?page=1&limit=100
[2026-03-01T16:02:46.945Z] GET /api/turmas
[2026-03-01T16:02:46.976Z] GET /api/turmas/Ber%C3%A7%C3%A1rio/alunos
[2026-03-01T16:02:47.011Z] GET /api/turmas/Maternal/alunos
[2026-03-01T16:02:47.056Z] GET /api/turmas/Prim%C3%A1rios/alunos
[2026-03-01T16:02:47.081Z] GET /api/turmas/Principiantes/alunos
[2026-03-01T16:02:47.107Z] GET /api/turmas/Juniores/alunos
[2026-03-01T16:02:47.149Z] GET /api/turmas/Intermedi%C3%A1rios/alunos
[2026-03-01T16:02:47.200Z] GET /api/turmas/Jovens/alunos
[2026-03-01T16:02:47.247Z] GET /api/turmas/Adultos/alunos
[2026-03-01T16:02:47.292Z] GET /api/turmas/Teste%20API%20Robust/alunos
[2026-03-01T16:02:56.090Z] POST /api/auth/login
[2026-03-01T16:02:56.530Z] GET /api/registros?page=1&limit=100
[2026-03-01T16:02:57.341Z] GET /api/registros?page=1&limit=100
[2026-03-01T16:02:57.347Z] GET /api/turmas
[2026-03-01T16:02:57.398Z] GET /api/turmas/Ber%C3%A7%C3%A1rio/alunos
[2026-03-01T16:02:57.401Z] GET /api/turmas
[2026-03-01T16:02:57.779Z] GET /api/turmas/Maternal/alunos
[2026-03-01T16:02:57.786Z] GET /api/turmas/Ber%C3%A7%C3%A1rio/alunos
[2026-03-01T16:02:57.862Z] GET /api/turmas/Maternal/alunos
[2026-03-01T16:02:57.895Z] GET /api/turmas/Prim%C3%A1rios/alunos
[2026-03-01T16:02:58.032Z] GET /api/turmas/Prim%C3%A1rios/alunos
[2026-03-01T16:02:58.075Z] GET /api/turmas/Principiantes/alunos
[2026-03-01T16:02:58.177Z] GET /api/turmas/Juniores/alunos
[2026-03-01T16:02:58.192Z] GET /api/turmas/Principiantes/alunos
[2026-03-01T16:02:58.239Z] GET /api/turmas/Juniores/alunos
[2026-03-01T16:02:58.255Z] GET /api/turmas/Intermedi%C3%A1rios/alunos
[2026-03-01T16:02:58.274Z] GET /api/turmas/Intermedi%C3%A1rios/alunos
[2026-03-01T16:02:58.375Z] GET /api/turmas/Jovens/alunos
[2026-03-01T16:02:58.425Z] GET /api/turmas/Adultos/alunos
[2026-03-01T16:02:58.468Z] GET /api/turmas/Teste%20API%20Robust/alunos
[2026-03-01T16:02:58.536Z] GET /api/turmas/Jovens/alunos
[2026-03-01T16:02:58.583Z] GET /api/turmas/Adultos/alunos
[2026-03-01T16:02:58.632Z] GET /api/turmas/Teste%20API%20Robust/alunos
[2026-03-01T16:03:17.571Z] POST /api/registros
[2026-03-01T16:04:03.764Z] DELETE /api/registros/e2b7a8c1-a8fa-4ee3-866c-cfbaf5a3bbc3
[2026-03-01T16:04:14.100Z] DELETE /api/registros/fd387e04-9411-4662-b69a-cb034724fc94
[2026-03-01T16:04:26.118Z] PATCH /api/auth/profile
[2026-03-01T16:04:35.069Z] PATCH /api/auth/profile
[2026-03-01T16:04:52.043Z] PATCH /api/auth/profile
[2026-03-01T16:05:03.094Z] PATCH /api/auth/profile
[2026-03-01T16:05:36.837Z] PATCH /api/auth/profile
[2026-03-01T16:06:14.682Z] GET /api/turmas
[2026-03-01T16:06:14.685Z] GET /api/registros?page=1&limit=100
[2026-03-01T16:06:14.787Z] GET /api/turmas/Ber%C3%A7%C3%A1rio/alunos
[2026-03-01T16:06:15.275Z] GET /api/turmas/Maternal/alunos
[2026-03-01T16:06:15.322Z] GET /api/turmas/Prim%C3%A1rios/alunos
[2026-03-01T16:06:15.366Z] GET /api/turmas/Principiantes/alunos
[2026-03-01T16:06:15.411Z] GET /api/turmas/Juniores/alunos
[2026-03-01T16:06:15.489Z] GET /api/turmas/Intermedi%C3%A1rios/alunos
[2026-03-01T16:06:15.546Z] GET /api/turmas/Jovens/alunos
[2026-03-01T16:06:15.624Z] GET /api/turmas/Adultos/alunos
[2026-03-01T16:06:15.702Z] GET /api/turmas/Teste%20API%20Robust/alunos
[2026-03-01T16:09:33.299Z] GET /api/turmas
[2026-03-01T16:09:33.309Z] GET /api/registros?page=1&limit=100
[2026-03-01T16:09:33.642Z] GET /api/turmas/Ber%C3%A7%C3%A1rio/alunos
[2026-03-01T16:09:34.588Z] GET /api/turmas/Maternal/alunos
[2026-03-01T16:09:34.664Z] GET /api/turmas/Prim%C3%A1rios/alunos
[2026-03-01T16:09:34.766Z] GET /api/turmas/Principiantes/alunos
[2026-03-01T16:09:34.818Z] GET /api/turmas/Juniores/alunos
[2026-03-01T16:09:34.857Z] GET /api/turmas/Intermedi%C3%A1rios/alunos
[2026-03-01T16:09:34.916Z] GET /api/turmas/Jovens/alunos
[2026-03-01T16:09:34.965Z] GET /api/turmas/Adultos/alunos
[2026-03-01T16:09:35.050Z] GET /api/turmas/Teste%20API%20Robust/alunos
[2026-03-01T16:09:38.374Z] GET /api/registros?page=1&limit=100
[2026-03-01T16:09:38.384Z] GET /api/turmas
[2026-03-01T16:09:38.885Z] GET /api/turmas/Ber%C3%A7%C3%A1rio/alunos
[2026-03-01T16:09:38.935Z] GET /api/turmas/Maternal/alunos
[2026-03-01T16:09:38.981Z] GET /api/turmas/Prim%C3%A1rios/alunos
[2026-03-01T16:09:39.018Z] GET /api/turmas/Principiantes/alunos
[2026-03-01T16:09:39.055Z] GET /api/turmas/Juniores/alunos
[2026-03-01T16:09:39.099Z] GET /api/turmas/Intermedi%C3%A1rios/alunos
[2026-03-01T16:09:39.147Z] GET /api/turmas/Jovens/alunos
[2026-03-01T16:09:39.187Z] GET /api/turmas/Adultos/alunos
[2026-03-01T16:09:39.215Z] GET /api/turmas/Teste%20API%20Robust/alunos
[2026-03-01T16:14:26.132Z] GET /api/registros?page=1&limit=100
[2026-03-01T16:14:26.259Z] GET /api/turmas
[2026-03-01T16:14:26.298Z] GET /api/turmas/Ber%C3%A7%C3%A1rio/alunos
[2026-03-01T16:14:26.328Z] GET /api/turmas/Maternal/alunos
[2026-03-01T16:14:26.354Z] GET /api/turmas/Prim%C3%A1rios/alunos
[2026-03-01T16:14:26.394Z] GET /api/turmas/Principiantes/alunos
[2026-03-01T16:14:26.429Z] GET /api/turmas/Juniores/alunos
[2026-03-01T16:14:26.456Z] GET /api/turmas/Intermedi%C3%A1rios/alunos
[2026-03-01T16:14:26.497Z] GET /api/turmas/Jovens/alunos
[2026-03-01T16:14:26.545Z] GET /api/turmas/Adultos/alunos
[2026-03-01T16:14:26.593Z] GET /api/turmas/Teste%20API%20Robust/alunos
[2026-03-01T16:14:36.543Z] POST /api/auth/login
[2026-03-01T16:14:37.076Z] GET /api/registros?page=1&limit=100
[2026-03-01T16:14:37.263Z] GET /api/turmas
[2026-03-01T16:14:37.525Z] GET /api/turmas/Ber%C3%A7%C3%A1rio/alunos
[2026-03-01T16:14:37.591Z] GET /api/turmas/Maternal/alunos
[2026-03-01T16:14:37.638Z] GET /api/turmas/Prim%C3%A1rios/alunos
[2026-03-01T16:14:37.691Z] GET /api/turmas/Principiantes/alunos
[2026-03-01T16:14:37.746Z] GET /api/turmas/Juniores/alunos
[2026-03-01T16:14:37.776Z] GET /api/turmas/Intermedi%C3%A1rios/alunos
[2026-03-01T16:14:37.831Z] GET /api/turmas/Jovens/alunos
[2026-03-01T16:14:37.864Z] GET /api/turmas/Adultos/alunos
[2026-03-01T16:14:37.887Z] GET /api/turmas/Teste%20API%20Robust/alunos
[2026-03-01T16:15:05.237Z] POST /api/auth/login
[2026-03-01T16:15:05.727Z] GET /api/registros?page=1&limit=100
[2026-03-01T16:15:06.715Z] GET /api/registros?page=1&limit=100
[2026-03-01T16:15:06.752Z] GET /api/turmas
[2026-03-01T16:15:06.933Z] GET /api/turmas
[2026-03-01T16:15:06.948Z] GET /api/turmas/Ber%C3%A7%C3%A1rio/alunos
[2026-03-01T16:15:07.166Z] GET /api/turmas/Ber%C3%A7%C3%A1rio/alunos
[2026-03-01T16:15:07.171Z] GET /api/turmas/Maternal/alunos
[2026-03-01T16:15:07.190Z] GET /api/turmas/Maternal/alunos
[2026-03-01T16:15:07.222Z] GET /api/turmas/Prim%C3%A1rios/alunos
[2026-03-01T16:15:07.225Z] GET /api/turmas/Prim%C3%A1rios/alunos
[2026-03-01T16:15:07.247Z] GET /api/turmas/Principiantes/alunos
[2026-03-01T16:15:07.271Z] GET /api/turmas/Juniores/alunos
[2026-03-01T16:15:07.306Z] GET /api/turmas/Intermedi%C3%A1rios/alunos
[2026-03-01T16:15:07.309Z] GET /api/turmas/Principiantes/alunos
[2026-03-01T16:15:07.350Z] GET /api/turmas/Juniores/alunos
[2026-03-01T16:15:07.376Z] GET /api/turmas/Jovens/alunos
[2026-03-01T16:15:07.424Z] GET /api/turmas/Intermedi%C3%A1rios/alunos
[2026-03-01T16:15:07.426Z] GET /api/turmas/Adultos/alunos
[2026-03-01T16:15:07.462Z] GET /api/turmas/Jovens/alunos
[2026-03-01T16:15:07.470Z] GET /api/turmas/Teste%20API%20Robust/alunos
[2026-03-01T16:15:07.496Z] GET /api/turmas/Adultos/alunos
[2026-03-01T16:15:07.543Z] GET /api/turmas/Teste%20API%20Robust/alunos
[2026-03-01T16:17:22.622Z] GET /api/registros?page=1&limit=100
[2026-03-01T16:17:22.762Z] GET /api/turmas
[2026-03-01T16:17:22.786Z] GET /api/turmas/Ber%C3%A7%C3%A1rio/alunos
[2026-03-01T16:17:22.821Z] GET /api/turmas/Maternal/alunos
[2026-03-01T16:17:22.842Z] GET /api/turmas/Prim%C3%A1rios/alunos
[2026-03-01T16:17:23.074Z] GET /api/turmas/Principiantes/alunos
[2026-03-01T16:17:23.097Z] GET /api/turmas/Juniores/alunos
[2026-03-01T16:17:23.118Z] GET /api/turmas/Intermedi%C3%A1rios/alunos
[2026-03-01T16:17:23.150Z] GET /api/turmas/Jovens/alunos
[2026-03-01T16:17:23.187Z] GET /api/turmas/Adultos/alunos
[2026-03-01T16:17:23.218Z] GET /api/turmas/Teste%20API%20Robust/alunos
[2026-03-01T16:17:34.785Z] POST /api/auth/login
[2026-03-01T16:17:35.364Z] GET /api/registros?page=1&limit=100
[2026-03-01T16:17:36.143Z] GET /api/registros?page=1&limit=100
[2026-03-01T16:17:36.160Z] GET /api/turmas
[2026-03-01T16:17:36.227Z] GET /api/turmas
[2026-03-01T16:17:36.246Z] GET /api/turmas/Ber%C3%A7%C3%A1rio/alunos
[2026-03-01T16:17:36.530Z] GET /api/turmas/Maternal/alunos
[2026-03-01T16:17:36.538Z] GET /api/turmas/Ber%C3%A7%C3%A1rio/alunos
[2026-03-01T16:17:36.585Z] GET /api/turmas/Prim%C3%A1rios/alunos
[2026-03-01T16:17:36.606Z] GET /api/turmas/Principiantes/alunos
[2026-03-01T16:17:36.619Z] GET /api/turmas/Maternal/alunos
[2026-03-01T16:17:36.650Z] GET /api/turmas/Juniores/alunos
[2026-03-01T16:17:36.658Z] GET /api/turmas/Prim%C3%A1rios/alunos
[2026-03-01T16:17:36.699Z] GET /api/turmas/Intermedi%C3%A1rios/alunos
[2026-03-01T16:17:36.701Z] GET /api/turmas/Principiantes/alunos
[2026-03-01T16:17:36.738Z] GET /api/turmas/Jovens/alunos
[2026-03-01T16:17:36.751Z] GET /api/turmas/Juniores/alunos
[2026-03-01T16:17:36.776Z] GET /api/turmas/Adultos/alunos
[2026-03-01T16:17:36.781Z] GET /api/turmas/Intermedi%C3%A1rios/alunos
[2026-03-01T16:17:36.797Z] GET /api/turmas/Teste%20API%20Robust/alunos
[2026-03-01T16:17:36.811Z] GET /api/turmas/Jovens/alunos
[2026-03-01T16:17:36.843Z] GET /api/turmas/Adultos/alunos
[2026-03-01T16:17:36.879Z] GET /api/turmas/Teste%20API%20Robust/alunos
[2026-03-01T16:18:19.469Z] GET /api/registros?page=1&limit=100
[2026-03-01T16:18:19.717Z] GET /api/turmas
[2026-03-01T16:18:19.791Z] GET /api/turmas/Ber%C3%A7%C3%A1rio/alunos
[2026-03-01T16:18:19.853Z] GET /api/turmas/Maternal/alunos
[2026-03-01T16:18:19.920Z] GET /api/turmas/Prim%C3%A1rios/alunos
[2026-03-01T16:18:19.980Z] GET /api/turmas/Principiantes/alunos
[2026-03-01T16:18:20.044Z] GET /api/turmas/Juniores/alunos
[2026-03-01T16:18:20.109Z] GET /api/turmas/Intermedi%C3%A1rios/alunos
[2026-03-01T16:18:20.174Z] GET /api/turmas/Jovens/alunos
[2026-03-01T16:18:20.245Z] GET /api/turmas/Adultos/alunos
[2026-03-01T16:18:20.303Z] GET /api/turmas/Teste%20API%20Robust/alunos
[2026-03-01T16:18:35.510Z] POST /api/auth/login
[2026-03-01T16:18:36.032Z] GET /api/registros?page=1&limit=100
[2026-03-01T16:18:36.827Z] GET /api/registros?page=1&limit=100
[2026-03-01T16:18:36.844Z] GET /api/turmas
[2026-03-01T16:18:37.126Z] GET /api/turmas
[2026-03-01T16:18:37.178Z] GET /api/turmas/Ber%C3%A7%C3%A1rio/alunos
[2026-03-01T16:18:37.180Z] GET /api/turmas/Ber%C3%A7%C3%A1rio/alunos
[2026-03-01T16:18:37.338Z] GET /api/turmas/Maternal/alunos
[2026-03-01T16:18:37.342Z] GET /api/turmas/Maternal/alunos
[2026-03-01T16:18:37.374Z] GET /api/turmas/Prim%C3%A1rios/alunos
[2026-03-01T16:18:37.377Z] GET /api/turmas/Prim%C3%A1rios/alunos
[2026-03-01T16:18:37.412Z] GET /api/turmas/Principiantes/alunos
[2026-03-01T16:18:37.415Z] GET /api/turmas/Principiantes/alunos
[2026-03-01T16:18:37.470Z] GET /api/turmas/Juniores/alunos
[2026-03-01T16:18:37.475Z] GET /api/turmas/Juniores/alunos
[2026-03-01T16:18:37.549Z] GET /api/turmas/Intermedi%C3%A1rios/alunos
[2026-03-01T16:18:37.556Z] GET /api/turmas/Intermedi%C3%A1rios/alunos
[2026-03-01T16:18:37.628Z] GET /api/turmas/Jovens/alunos
[2026-03-01T16:18:37.631Z] GET /api/turmas/Jovens/alunos
[2026-03-01T16:18:37.698Z] GET /api/turmas/Adultos/alunos
[2026-03-01T16:18:37.705Z] GET /api/turmas/Adultos/alunos
[2026-03-01T16:18:37.765Z] GET /api/turmas/Teste%20API%20Robust/alunos
[2026-03-01T16:18:37.770Z] GET /api/turmas/Teste%20API%20Robust/alunos
[2026-03-01T16:22:58.169Z] GET /api/registros?page=1&limit=100
[2026-03-01T16:22:58.177Z] GET /api/turmas
[2026-03-01T16:22:58.319Z] GET /api/turmas/Ber%C3%A7%C3%A1rio/alunos
[2026-03-01T16:22:58.804Z] GET /api/turmas/Maternal/alunos
[2026-03-01T16:22:58.849Z] GET /api/turmas/Prim%C3%A1rios/alunos
[2026-03-01T16:22:58.873Z] GET /api/turmas/Principiantes/alunos
[2026-03-01T16:22:58.898Z] GET /api/turmas/Juniores/alunos
[2026-03-01T16:22:58.924Z] GET /api/turmas/Intermedi%C3%A1rios/alunos
[2026-03-01T16:22:58.952Z] GET /api/turmas/Jovens/alunos
[2026-03-01T16:22:58.982Z] GET /api/turmas/Adultos/alunos
[2026-03-01T16:22:59.048Z] GET /api/turmas/Teste%20API%20Robust/alunos
[2026-03-01T16:24:10.868Z] GET /api/turmas
[2026-03-01T16:24:10.871Z] GET /api/registros?page=1&limit=100
[2026-03-01T16:24:10.978Z] GET /api/turmas/Ber%C3%A7%C3%A1rio/alunos
[2026-03-01T16:24:11.529Z] GET /api/turmas/Maternal/alunos
[2026-03-01T16:24:11.610Z] GET /api/turmas/Prim%C3%A1rios/alunos
[2026-03-01T16:24:11.650Z] GET /api/turmas/Principiantes/alunos
[2026-03-01T16:24:11.679Z] GET /api/turmas/Juniores/alunos
[2026-03-01T16:24:11.714Z] GET /api/turmas/Intermedi%C3%A1rios/alunos
[2026-03-01T16:24:11.752Z] GET /api/turmas/Jovens/alunos
[2026-03-01T16:24:11.778Z] GET /api/turmas/Adultos/alunos
[2026-03-01T16:24:11.808Z] GET /api/turmas/Teste%20API%20Robust/alunos
[2026-03-01T16:25:52.420Z] GET /api/registros?page=1&limit=100
[2026-03-01T16:25:52.504Z] GET /api/turmas
[2026-03-01T16:25:53.393Z] GET /api/turmas/Ber%C3%A7%C3%A1rio/alunos
[2026-03-01T16:25:53.473Z] GET /api/turmas/Maternal/alunos
[2026-03-01T16:25:53.560Z] GET /api/turmas/Prim%C3%A1rios/alunos
[2026-03-01T16:25:53.652Z] GET /api/turmas/Principiantes/alunos
[2026-03-01T16:25:53.716Z] GET /api/turmas/Juniores/alunos
[2026-03-01T16:25:53.776Z] GET /api/turmas/Intermedi%C3%A1rios/alunos
[2026-03-01T16:25:53.847Z] GET /api/turmas/Jovens/alunos
[2026-03-01T16:25:53.905Z] GET /api/turmas/Adultos/alunos
[2026-03-01T16:25:53.973Z] GET /api/turmas/Teste%20API%20Robust/alunos
[2026-03-01T16:29:28.057Z] GET /api/registros?page=1&limit=100
[2026-03-01T16:29:28.060Z] GET /api/turmas
[2026-03-01T16:29:28.658Z] GET /api/turmas/Ber%C3%A7%C3%A1rio/alunos
[2026-03-01T16:29:28.723Z] GET /api/turmas/Maternal/alunos
[2026-03-01T16:29:28.755Z] GET /api/turmas/Prim%C3%A1rios/alunos
[2026-03-01T16:29:28.818Z] GET /api/turmas/Principiantes/alunos
[2026-03-01T16:29:28.846Z] GET /api/turmas/Juniores/alunos
[2026-03-01T16:29:28.870Z] GET /api/turmas/Intermedi%C3%A1rios/alunos
[2026-03-01T16:29:28.897Z] GET /api/turmas/Jovens/alunos
[2026-03-01T16:29:28.930Z] GET /api/turmas/Adultos/alunos
[2026-03-01T16:29:28.964Z] GET /api/turmas/Teste%20API%20Robust/alunos
